../Core/Src/main.c:80:5:main	8	static
../Core/Src/main.c:130:6:SystemClock_Config	88	static
../Core/Src/main.c:177:13:MX_I2C2_Init	8	static
../Core/Src/main.c:211:13:MX_SPI1_Init	8	static
../Core/Src/main.c:249:13:MX_TIM2_Init	32	static
../Core/Src/main.c:294:13:MX_USART3_UART_Init	8	static
../Core/Src/main.c:327:13:MX_USART6_UART_Init	8	static
../Core/Src/main.c:360:13:MX_GPIO_Init	56	static
../Core/Src/main.c:422:13:MX_FSMC_Init	64	static
../Core/Src/main.c:490:6:Error_Handler	4	static,ignoring_inline_asm
