Archive member included to satisfy reference by file (symbol)

D:/STM32_install/STM32cubeIDE_1.9.0/STM32CubeIDE_1.19.0/STM32CubeIDE/plugins/com.st.stm32cube.ide.mcu.externaltools.gnu-tools-for-stm32.13.3.rel1.win32_1.0.0.202411081344/tools/bin/../lib/gcc/arm-none-eabi/13.3.1/../../../../arm-none-eabi/lib/thumb/v7e-m+fp/hard\libc_nano.a(libc_a-exit.o)
                              D:/STM32_install/STM32cubeIDE_1.9.0/STM32CubeIDE_1.19.0/STM32CubeIDE/plugins/com.st.stm32cube.ide.mcu.externaltools.gnu-tools-for-stm32.13.3.rel1.win32_1.0.0.202411081344/tools/bin/../lib/gcc/arm-none-eabi/13.3.1/../../../../arm-none-eabi/lib/thumb/v7e-m+fp/hard/crt0.o (exit)
D:/STM32_install/STM32cubeIDE_1.9.0/STM32CubeIDE_1.19.0/STM32CubeIDE/plugins/com.st.stm32cube.ide.mcu.externaltools.gnu-tools-for-stm32.13.3.rel1.win32_1.0.0.202411081344/tools/bin/../lib/gcc/arm-none-eabi/13.3.1/../../../../arm-none-eabi/lib/thumb/v7e-m+fp/hard\libc_nano.a(libc_a-nano-vfprintf_float.o)
                              (_printf_float)
D:/STM32_install/STM32cubeIDE_1.9.0/STM32CubeIDE_1.19.0/STM32CubeIDE/plugins/com.st.stm32cube.ide.mcu.externaltools.gnu-tools-for-stm32.13.3.rel1.win32_1.0.0.202411081344/tools/bin/../lib/gcc/arm-none-eabi/13.3.1/../../../../arm-none-eabi/lib/thumb/v7e-m+fp/hard\libc_nano.a(libc_a-nano-vfprintf_i.o)
                              D:/STM32_install/STM32cubeIDE_1.9.0/STM32CubeIDE_1.19.0/STM32CubeIDE/plugins/com.st.stm32cube.ide.mcu.externaltools.gnu-tools-for-stm32.13.3.rel1.win32_1.0.0.202411081344/tools/bin/../lib/gcc/arm-none-eabi/13.3.1/../../../../arm-none-eabi/lib/thumb/v7e-m+fp/hard\libc_nano.a(libc_a-nano-vfprintf_float.o) (_printf_common)
D:/STM32_install/STM32cubeIDE_1.9.0/STM32CubeIDE_1.19.0/STM32CubeIDE/plugins/com.st.stm32cube.ide.mcu.externaltools.gnu-tools-for-stm32.13.3.rel1.win32_1.0.0.202411081344/tools/bin/../lib/gcc/arm-none-eabi/13.3.1/../../../../arm-none-eabi/lib/thumb/v7e-m+fp/hard\libc_nano.a(libc_a-findfp.o)
                              D:/STM32_install/STM32cubeIDE_1.9.0/STM32CubeIDE_1.19.0/STM32CubeIDE/plugins/com.st.stm32cube.ide.mcu.externaltools.gnu-tools-for-stm32.13.3.rel1.win32_1.0.0.202411081344/tools/bin/../lib/gcc/arm-none-eabi/13.3.1/../../../../arm-none-eabi/lib/thumb/v7e-m+fp/hard\libc_nano.a(libc_a-exit.o) (__stdio_exit_handler)
D:/STM32_install/STM32cubeIDE_1.9.0/STM32CubeIDE_1.19.0/STM32CubeIDE/plugins/com.st.stm32cube.ide.mcu.externaltools.gnu-tools-for-stm32.13.3.rel1.win32_1.0.0.202411081344/tools/bin/../lib/gcc/arm-none-eabi/13.3.1/../../../../arm-none-eabi/lib/thumb/v7e-m+fp/hard\libc_nano.a(libc_a-fwalk.o)
                              D:/STM32_install/STM32cubeIDE_1.9.0/STM32CubeIDE_1.19.0/STM32CubeIDE/plugins/com.st.stm32cube.ide.mcu.externaltools.gnu-tools-for-stm32.13.3.rel1.win32_1.0.0.202411081344/tools/bin/../lib/gcc/arm-none-eabi/13.3.1/../../../../arm-none-eabi/lib/thumb/v7e-m+fp/hard\libc_nano.a(libc_a-findfp.o) (_fwalk_sglue)
D:/STM32_install/STM32cubeIDE_1.9.0/STM32CubeIDE_1.19.0/STM32CubeIDE/plugins/com.st.stm32cube.ide.mcu.externaltools.gnu-tools-for-stm32.13.3.rel1.win32_1.0.0.202411081344/tools/bin/../lib/gcc/arm-none-eabi/13.3.1/../../../../arm-none-eabi/lib/thumb/v7e-m+fp/hard\libc_nano.a(libc_a-sprintf.o)
                              ./Core/Src/main.o (sprintf)
D:/STM32_install/STM32cubeIDE_1.9.0/STM32CubeIDE_1.19.0/STM32CubeIDE/plugins/com.st.stm32cube.ide.mcu.externaltools.gnu-tools-for-stm32.13.3.rel1.win32_1.0.0.202411081344/tools/bin/../lib/gcc/arm-none-eabi/13.3.1/../../../../arm-none-eabi/lib/thumb/v7e-m+fp/hard\libc_nano.a(libc_a-stdio.o)
                              D:/STM32_install/STM32cubeIDE_1.9.0/STM32CubeIDE_1.19.0/STM32CubeIDE/plugins/com.st.stm32cube.ide.mcu.externaltools.gnu-tools-for-stm32.13.3.rel1.win32_1.0.0.202411081344/tools/bin/../lib/gcc/arm-none-eabi/13.3.1/../../../../arm-none-eabi/lib/thumb/v7e-m+fp/hard\libc_nano.a(libc_a-findfp.o) (__sread)
D:/STM32_install/STM32cubeIDE_1.9.0/STM32CubeIDE_1.19.0/STM32CubeIDE/plugins/com.st.stm32cube.ide.mcu.externaltools.gnu-tools-for-stm32.13.3.rel1.win32_1.0.0.202411081344/tools/bin/../lib/gcc/arm-none-eabi/13.3.1/../../../../arm-none-eabi/lib/thumb/v7e-m+fp/hard\libc_nano.a(libc_a-memset.o)
                              D:/STM32_install/STM32cubeIDE_1.9.0/STM32CubeIDE_1.19.0/STM32CubeIDE/plugins/com.st.stm32cube.ide.mcu.externaltools.gnu-tools-for-stm32.13.3.rel1.win32_1.0.0.202411081344/tools/bin/../lib/gcc/arm-none-eabi/13.3.1/../../../../arm-none-eabi/lib/thumb/v7e-m+fp/hard/crt0.o (memset)
D:/STM32_install/STM32cubeIDE_1.9.0/STM32CubeIDE_1.19.0/STM32CubeIDE/plugins/com.st.stm32cube.ide.mcu.externaltools.gnu-tools-for-stm32.13.3.rel1.win32_1.0.0.202411081344/tools/bin/../lib/gcc/arm-none-eabi/13.3.1/../../../../arm-none-eabi/lib/thumb/v7e-m+fp/hard\libc_nano.a(libc_a-localeconv.o)
[...]
Memory Configuration

Name             Origin             Length             Attributes
CCMRAM           0x10000000         0x00010000         xrw
RAM              0x20000000         0x00020000         xrw
FLASH            0x08000000         0x00100000         xr
*default*        0x00000000         0xffffffff

Linker script and memory map

LOAD D:/STM32_install/STM32cubeIDE_1.9.0/STM32CubeIDE_1.19.0/STM32CubeIDE/plugins/com.st.stm32cube.ide.mcu.externaltools.gnu-tools-for-stm32.13.3.rel1.win32_1.0.0.202411081344/tools/bin/../lib/gcc/arm-none-eabi/13.3.1/thumb/v7e-m+fp/hard/crti.o
LOAD D:/STM32_install/STM32cubeIDE_1.9.0/STM32CubeIDE_1.19.0/STM32CubeIDE/plugins/com.st.stm32cube.ide.mcu.externaltools.gnu-tools-for-stm32.13.3.rel1.win32_1.0.0.202411081344/tools/bin/../lib/gcc/arm-none-eabi/13.3.1/thumb/v7e-m+fp/hard/crtbegin.o
LOAD D:/STM32_install/STM32cubeIDE_1.9.0/STM32CubeIDE_1.19.0/STM32CubeIDE/plugins/com.st.stm32cube.ide.mcu.externaltools.gnu-tools-for-stm32.13.3.rel1.win32_1.0.0.202411081344/tools/bin/../lib/gcc/arm-none-eabi/13.3.1/../../../../arm-none-eabi/lib/thumb/v7e-m+fp/hard/crt0.o
LOAD ./Core/Src/app_main.o
LOAD ./Core/Src/bkit_protocol.o
LOAD ./Core/Src/button.o
LOAD ./Core/Src/fsmc.o
LOAD ./Core/Src/gpio.o
LOAD ./Core/Src/hw_driver.o
LOAD ./Core/Src/i2c.o
LOAD ./Core/Src/lcd.o
LOAD ./Core/Src/main.o
LOAD ./Core/Src/pb_common.o
LOAD ./Core/Src/pb_decode.o
LOAD ./Core/Src/pb_encode.o
LOAD ./Core/Src/sensor.pb.o
LOAD ./Core/Src/spi.o
LOAD ./Core/Src/stm32f4xx_hal_msp.o
LOAD ./Core/Src/stm32f4xx_it.o
LOAD ./Core/Src/syscalls.o
LOAD ./Core/Src/sysmem.o
LOAD ./Core/Src/system_stm32f4xx.o
LOAD ./Core/Src/tim.o
LOAD ./Core/Src/usart.o
LOAD ./Core/Startup/startup_stm32f407zgtx.o
LOAD ./Drivers/STM32F4xx_HAL_Driver/Src/stm32f4xx_hal.o
LOAD ./Drivers/STM32F4xx_HAL_Driver/Src/stm32f4xx_hal_cortex.o
LOAD ./Drivers/STM32F4xx_HAL_Driver/Src/stm32f4xx_hal_dma.o
LOAD ./Drivers/STM32F4xx_HAL_Driver/Src/stm32f4xx_hal_dma_ex.o
LOAD ./Drivers/STM32F4xx_HAL_Driver/Src/stm32f4xx_hal_exti.o
LOAD ./Drivers/STM32F4xx_HAL_Driver/Src/stm32f4xx_hal_flash.o
LOAD ./Drivers/STM32F4xx_HAL_Driver/Src/stm32f4xx_hal_flash_ex.o
LOAD ./Drivers/STM32F4xx_HAL_Driver/Src/stm32f4xx_hal_flash_ramfunc.o
LOAD ./Drivers/STM32F4xx_HAL_Driver/Src/stm32f4xx_hal_gpio.o
LOAD ./Drivers/STM32F4xx_HAL_Driver/Src/stm32f4xx_hal_i2c.o
LOAD ./Drivers/STM32F4xx_HAL_Driver/Src/stm32f4xx_hal_i2c_ex.o
LOAD ./Drivers/STM32F4xx_HAL_Driver/Src/stm32f4xx_hal_nand.o
LOAD ./Drivers/STM32F4xx_HAL_Driver/Src/stm32f4xx_hal_nor.o
LOAD ./Drivers/STM32F4xx_HAL_Driver/Src/stm32f4xx_hal_pccard.o
LOAD ./Drivers/STM32F4xx_HAL_Driver/Src/stm32f4xx_hal_pwr.o
LOAD ./Drivers/STM32F4xx_HAL_Driver/Src/stm32f4xx_hal_pwr_ex.o
LOAD ./Drivers/STM32F4xx_HAL_Driver/Src/stm32f4xx_hal_rcc.o
LOAD ./Drivers/STM32F4xx_HAL_Driver/Src/stm32f4xx_hal_rcc_ex.o
LOAD ./Drivers/STM32F4xx_HAL_Driver/Src/stm32f4xx_hal_spi.o
LOAD ./Drivers/STM32F4xx_HAL_Driver/Src/stm32f4xx_hal_sram.o
LOAD ./Drivers/STM32F4xx_HAL_Driver/Src/stm32f4xx_hal_tim.o
LOAD ./Drivers/STM32F4xx_HAL_Driver/Src/stm32f4xx_hal_tim_ex.o
LOAD ./Drivers/STM32F4xx_HAL_Driver/Src/stm32f4xx_hal_uart.o
LOAD ./Drivers/STM32F4xx_HAL_Driver/Src/stm32f4xx_ll_fsmc.o
START GROUP
LOAD D:/STM32_install/STM32cubeIDE_1.9.0/STM32CubeIDE_1.19.0/STM32CubeIDE/plugins/com.st.stm32cube.ide.mcu.externaltools.gnu-tools-for-stm32.13.3.rel1.win32_1.0.0.202411081344/tools/bin/../lib/gcc/arm-none-eabi/13.3.1/../../../../arm-none-eabi/lib/thumb/v7e-m+fp/hard\libc_nano.a
LOAD D:/STM32_install/STM32cubeIDE_1.9.0/STM32CubeIDE_1.19.0/STM32CubeIDE/plugins/com.st.stm32cube.ide.mcu.externaltools.gnu-tools-for-stm32.13.3.rel1.win32_1.0.0.202411081344/tools/bin/../lib/gcc/arm-none-eabi/13.3.1/../../../../arm-none-eabi/lib/thumb/v7e-m+fp/hard\libm.a
END GROUP
START GROUP
LOAD D:/STM32_install/STM32cubeIDE_1.9.0/STM32CubeIDE_1.19.0/STM32CubeIDE/plugins/com.st.stm32cube.ide.mcu.externaltools.gnu-tools-for-stm32.13.3.rel1.win32_1.0.0.202411081344/tools/bin/../lib/gcc/arm-none-eabi/13.3.1/thumb/v7e-m+fp/hard\libgcc.a
LOAD D:/STM32_install/STM32cubeIDE_1.9.0/STM32CubeIDE_1.19.0/STM32CubeIDE/plugins/com.st.stm32cube.ide.mcu.externaltools.gnu-tools-for-stm32.13.3.rel1.win32_1.0.0.202411081344/tools/bin/../lib/gcc/arm-none-eabi/13.3.1/../../../../arm-none-eabi/lib/thumb/v7e-m+fp/hard\libc_nano.a
END GROUP
START GROUP
LOAD D:/STM32_install/STM32cubeIDE_1.9.0/STM32CubeIDE_1.19.0/STM32CubeIDE/plugins/com.st.stm32cube.ide.mcu.externaltools.gnu-tools-for-stm32.13.3.rel1.win32_1.0.0.202411081344/tools/bin/../lib/gcc/arm-none-eabi/13.3.1/thumb/v7e-m+fp/hard\libgcc.a
LOAD D:/STM32_install/STM32cubeIDE_1.9.0/STM32CubeIDE_1.19.0/STM32CubeIDE/plugins/com.st.stm32cube.ide.mcu.externaltools.gnu-tools-for-stm32.13.3.rel1.win32_1.0.0.202411081344/tools/bin/../lib/gcc/arm-none-eabi/13.3.1/../../../../arm-none-eabi/lib/thumb/v7e-m+fp/hard\libc_nano.a
LOAD D:/STM32_install/STM32cubeIDE_1.9.0/STM32CubeIDE_1.19.0/STM32CubeIDE/plugins/com.st.stm32cube.ide.mcu.externaltools.gnu-tools-for-stm32.13.3.rel1.win32_1.0.0.202411081344/tools/bin/../lib/gcc/arm-none-eabi/13.3.1/../../../../arm-none-eabi/lib/thumb/v7e-m+fp/hard\libnosys.a
END GROUP
START GROUP
LOAD D:/STM32_install/STM32cubeIDE_1.9.0/STM32CubeIDE_1.19.0/STM32CubeIDE/plugins/com.st.stm32cube.ide.mcu.externaltools.gnu-tools-for-stm32.13.3.rel1.win32_1.0.0.202411081344/tools/bin/../lib/gcc/arm-none-eabi/13.3.1/thumb/v7e-m+fp/hard\libgcc.a
LOAD D:/STM32_install/STM32cubeIDE_1.9.0/STM32CubeIDE_1.19.0/STM32CubeIDE/plugins/com.st.stm32cube.ide.mcu.externaltools.gnu-tools-for-stm32.13.3.rel1.win32_1.0.0.202411081344/tools/bin/../lib/gcc/arm-none-eabi/13.3.1/../../../../arm-none-eabi/lib/thumb/v7e-m+fp/hard\libc_nano.a
LOAD D:/STM32_install/STM32cubeIDE_1.9.0/STM32CubeIDE_1.19.0/STM32CubeIDE/plugins/com.st.stm32cube.ide.mcu.externaltools.gnu-tools-for-stm32.13.3.rel1.win32_1.0.0.202411081344/tools/bin/../lib/gcc/arm-none-eabi/13.3.1/../../../../arm-none-eabi/lib/thumb/v7e-m+fp/hard\libnosys.a
END GROUP
LOAD D:/STM32_install/STM32cubeIDE_1.9.0/STM32CubeIDE_1.19.0/STM32CubeIDE/plugins/com.st.stm32cube.ide.mcu.externaltools.gnu-tools-for-stm32.13.3.rel1.win32_1.0.0.202411081344/tools/bin/../lib/gcc/arm-none-eabi/13.3.1/thumb/v7e-m+fp/hard/crtend.o
LOAD D:/STM32_install/STM32cubeIDE_1.9.0/STM32CubeIDE_1.19.0/STM32CubeIDE/plugins/com.st.stm32cube.ide.mcu.externaltools.gnu-tools-for-stm32.13.3.rel1.win32_1.0.0.202411081344/tools/bin/../lib/gcc/arm-none-eabi/13.3.1/thumb/v7e-m+fp/hard/crtn.o
                0x20020000                        _estack = (ORIGIN (RAM) + LENGTH (RAM))
                0x00000200                        _Min_Heap_Size = 0x200
                0x00000400                        _Min_Stack_Size = 0x400

.isr_vector     0x08000000      0x188
                0x08000000                        . = ALIGN (0x4)
 *(.isr_vector)
 .isr_vector    0x08000000      0x188 ./Core/Startup/startup_stm32f407zgtx.o
                0x08000000                g_pfnVectors
                0x08000188                        . = ALIGN (0x4)

.text           0x08000190     0xaf5c
                0x08000190                        . = ALIGN (0x4)
 *(.text)
 .text          0x08000190       0x40 D:/STM32_install/STM32cubeIDE_1.9.0/STM32CubeIDE_1.19.0/STM32CubeIDE/plugins/com.st.stm32cube.ide.mcu.externaltools.gnu-tools-for-stm32.13.3.rel1.win32_1.0.0.202411081344/tools/bin/../lib/gcc/arm-none-eabi/13.3.1/thumb/v7e-m+fp/hard/crtbegin.o
 .text          0x080001d0       0xa0 D:/STM32_install/STM32cubeIDE_1.9.0/STM32CubeIDE_1.19.0/STM32CubeIDE/plugins/com.st.stm32cube.ide.mcu.externaltools.gnu-tools-for-stm32.13.3.rel1.win32_1.0.0.202411081344/tools/bin/../lib/gcc/arm-none-eabi/13.3.1/../../../../arm-none-eabi/lib/thumb/v7e-m+fp/hard\libc_nano.a(libc_a-memchr.o)
                0x080001d0                memchr
 .text          0x08000270       0x10 D:/STM32_install/STM32cubeIDE_1.9.0/STM32CubeIDE_1.19.0/STM32CubeIDE/plugins/com.st.stm32cube.ide.mcu.externaltools.gnu-tools-for-stm32.13.3.rel1.win32_1.0.0.202411081344/tools/bin/../lib/gcc/arm-none-eabi/13.3.1/../../../../arm-none-eabi/lib/thumb/v7e-m+fp/hard\libc_nano.a(libc_a-strlen.o)
                0x08000270                strlen
 .text          0x08000280      0x378 D:/STM32_install/STM32cubeIDE_1.9.0/STM32CubeIDE_1.19.0/STM32CubeIDE/plugins/com.st.stm32cube.ide.mcu.externaltools.gnu-tools-for-stm32.13.3.rel1.win32_1.0.0.202411081344/tools/bin/../lib/gcc/arm-none-eabi/13.3.1/thumb/v7e-m+fp/hard\libgcc.a(_arm_addsubdf3.o)
                0x08000280                __aeabi_drsub
                0x08000288                __aeabi_dsub
                0x08000288                __subdf3
                0x0800028c                __aeabi_dadd
                0x0800028c                __adddf3
                0x08000504                __floatunsidf
                0x08000504                __aeabi_ui2d
                0x08000524                __floatsidf
                0x08000524                __aeabi_i2d
                0x08000548                __aeabi_f2d
                0x08000548                __extendsfdf2
                0x0800058c                __floatundidf
                0x0800058c                __aeabi_ul2d
                0x0800059c                __floatdidf
                0x0800059c                __aeabi_l2d
 .text          0x080005f8      0x424 D:/STM32_install/STM32cubeIDE_1.9.0/STM32CubeIDE_1.19.0/STM32CubeIDE/plugins/com.st.stm32cube.ide.mcu.externaltools.gnu-tools-for-stm32.13.3.rel1.win32_1.0.0.202411081344/tools/bin/../lib/gcc/arm-none-eabi/13.3.1/thumb/v7e-m+fp/hard\libgcc.a(_arm_muldivdf3.o)
                0x080005f8                __aeabi_dmul
                0x080005f8                __muldf3
                0x0800084c                __divdf3
                0x0800084c                __aeabi_ddiv
 .text          0x08000a1c      0x110 D:/STM32_install/STM32cubeIDE_1.9.0/STM32CubeIDE_1.19.0/STM32CubeIDE/plugins/com.st.stm32cube.ide.mcu.externaltools.gnu-tools-for-stm32.13.3.rel1.win32_1.0.0.202411081344/tools/bin/../lib/gcc/arm-none-eabi/13.3.1/thumb/v7e-m+fp/hard\libgcc.a(_arm_cmpdf2.o)
                0x08000a1c                __gtdf2
                0x08000a1c                __gedf2
                0x08000a24                __ltdf2
                0x08000a24                __ledf2
                0x08000a2c                __nedf2
                0x08000a2c                __eqdf2
                0x08000a2c                __cmpdf2
                0x08000aa8                __aeabi_cdrcmple
                0x08000ab8                __aeabi_cdcmpeq
                0x08000ab8                __aeabi_cdcmple
                0x08000ac8                __aeabi_dcmpeq
                0x08000adc                __aeabi_dcmplt
                0x08000af0                __aeabi_dcmple
                0x08000b04                __aeabi_dcmpge
                0x08000b18                __aeabi_dcmpgt
 .text          0x08000b2c       0x2c D:/STM32_install/STM32cubeIDE_1.9.0/STM32CubeIDE_1.19.0/STM32CubeIDE/plugins/com.st.stm32cube.ide.mcu.externaltools.gnu-tools-for-stm32.13.3.rel1.win32_1.0.0.202411081344/tools/bin/../lib/gcc/arm-none-eabi/13.3.1/thumb/v7e-m+fp/hard\libgcc.a(_arm_unorddf2.o)
                0x08000b2c                __unorddf2
                0x08000b2c                __aeabi_dcmpun
 .text          0x08000b58       0x50 D:/STM32_install/STM32cubeIDE_1.9.0/STM32CubeIDE_1.19.0/STM32CubeIDE/plugins/com.st.stm32cube.ide.mcu.externaltools.gnu-tools-for-stm32.13.3.rel1.win32_1.0.0.202411081344/tools/bin/../lib/gcc/arm-none-eabi/13.3.1/thumb/v7e-m+fp/hard\libgcc.a(_arm_fixdfsi.o)
                0x08000b58                __aeabi_d2iz
                0x08000b58                __fixdfsi
 .text          0x08000ba8       0x30 D:/STM32_install/STM32cubeIDE_1.9.0/STM32CubeIDE_1.19.0/STM32CubeIDE/plugins/com.st.stm32cube.ide.mcu.externaltools.gnu-tools-for-stm32.13.3.rel1.win32_1.0.0.202411081344/tools/bin/../lib/gcc/arm-none-eabi/13.3.1/thumb/v7e-m+fp/hard\libgcc.a(_aeabi_uldivmod.o)
                0x08000ba8                __aeabi_uldivmod
 .text          0x08000bd8      0x2f8 D:/STM32_install/STM32cubeIDE_1.9.0/STM32CubeIDE_1.19.0/STM32CubeIDE/plugins/com.st.stm32cube.ide.mcu.externaltools.gnu-tools-for-stm32.13.3.rel1.win32_1.0.0.202411081344/tools/bin/../lib/gcc/arm-none-eabi/13.3.1/thumb/v7e-m+fp/hard\libgcc.a(_udivmoddi4.o)
                0x08000bd8                __udivmoddi4
 .text          0x08000ed0        0x4 D:/STM32_install/STM32cubeIDE_1.9.0/STM32CubeIDE_1.19.0/STM32CubeIDE/plugins/com.st.stm32cube.ide.mcu.externaltools.gnu-tools-for-stm32.13.3.rel1.win32_1.0.0.202411081344/tools/bin/../lib/gcc/arm-none-eabi/13.3.1/thumb/v7e-m+fp/hard\libgcc.a(_dvmd_tls.o)
                0x08000ed0                __aeabi_idiv0
                0x08000ed0                __aeabi_ldiv0
 *(.text*)
 .text.bkit_send_message
                0x08000ed4       0x22 ./Core/Src/app_main.o
                0x08000ed4                bkit_send_message
 .text.calculate_crc16
                0x08000ef6       0x82 ./Core/Src/bkit_protocol.o
                0x08000ef6                calculate_crc16
 .text.bkit_protocol_send
                0x08000f78       0xbc ./Core/Src/bkit_protocol.o
                0x08000f78                bkit_protocol_send
 .text.MX_FSMC_Init
                0x08001034       0xf4 ./Core/Src/fsmc.o
                0x08001034                MX_FSMC_Init
 .text.HAL_FSMC_MspInit
                0x08001128       0x98 ./Core/Src/fsmc.o
 .text.HAL_SRAM_MspInit
                0x080011c0       0x14 ./Core/Src/fsmc.o
                0x080011c0                HAL_SRAM_MspInit
 .text.MX_GPIO_Init
                0x080011d4      0x198 ./Core/Src/gpio.o
                0x080011d4                MX_GPIO_Init
 .text.hw_send_byte
                0x0800136c       0x24 ./Core/Src/hw_driver.o
                0x0800136c                hw_send_byte
 .text.MX_I2C2_Init
                0x08001390       0x5c ./Core/Src/i2c.o
                0x08001390                MX_I2C2_Init
 .text.HAL_I2C_MspInit
                0x080013ec       0xb0 ./Core/Src/i2c.o
                0x080013ec                HAL_I2C_MspInit
 .text.LCD_WR_REG
                0x0800149c       0x1e ./Core/Src/lcd.o
 *fill*         0x080014ba        0x2 
 .text.LCD_WR_DATA
                0x080014bc       0x20 ./Core/Src/lcd.o
 .text.LCD_RD_DATA
                0x080014dc       0x18 ./Core/Src/lcd.o
 .text.lcd_set_address
                0x080014f4       0x98 ./Core/Src/lcd.o
                0x080014f4                lcd_set_address
 .text.lcd_clear
                0x0800158c       0x5c ./Core/Src/lcd.o
                0x0800158c                lcd_clear
 .text.lcd_draw_point
                0x080015e8       0x2e ./Core/Src/lcd.o
                0x080015e8                lcd_draw_point
 *fill*         0x08001616        0x2 
 .text.lcd_show_char
                0x08001618      0x1c0 ./Core/Src/lcd.o
                0x08001618                lcd_show_char
 .text.lcd_show_string
                0x080017d8       0xc8 ./Core/Src/lcd.o
                0x080017d8                lcd_show_string
 .text.lcd_set_direction
                0x080018a0       0x44 ./Core/Src/lcd.o
                0x080018a0                lcd_set_direction
 .text.lcd_init
                0x080018e4      0x2c0 ./Core/Src/lcd.o
                0x080018e4                lcd_init
 .text.main     0x08001ba4      0x150 ./Core/Src/main.o
                0x08001ba4                main
 .text.SystemClock_Config
                0x08001cf4       0xd4 ./Core/Src/main.o
                0x08001cf4                SystemClock_Config
 .text.Error_Handler
                0x08001dc8        0xc ./Core/Src/main.o
                0x08001dc8                Error_Handler
 .text.load_descriptor_values
                0x08001dd4      0x2d4 ./Core/Src/pb_common.o
 .text.advance_iterator
                0x080020a8       0xc0 ./Core/Src/pb_common.o
 .text.pb_field_iter_begin
                0x08002168       0x32 ./Core/Src/pb_common.o
                0x08002168                pb_field_iter_begin
 .text.pb_field_iter_begin_extension
                0x0800219a       0x60 ./Core/Src/pb_common.o
                0x0800219a                pb_field_iter_begin_extension
 .text.pb_field_iter_next
                0x080021fa       0x2a ./Core/Src/pb_common.o
                0x080021fa                pb_field_iter_next
 .text.pb_const_cast
                0x08002224       0x1a ./Core/Src/pb_common.o
 .text.pb_field_iter_begin_const
                0x0800223e       0x28 ./Core/Src/pb_common.o
                0x0800223e                pb_field_iter_begin_const
 .text.pb_field_iter_begin_extension_const
                0x08002266       0x24 ./Core/Src/pb_common.o
                0x08002266                pb_field_iter_begin_extension_const
 .text.pb_default_field_callback
                0x0800228a       0x6a ./Core/Src/pb_common.o
                0x0800228a                pb_default_field_callback
 .text.buf_write
                0x080022f4       0x30 ./Core/Src/pb_encode.o
 .text.pb_ostream_from_buffer
                0x08002324       0x40 ./Core/Src/pb_encode.o
                0x08002324                pb_ostream_from_buffer
 .text.pb_write
                0x08002364       0xa0 ./Core/Src/pb_encode.o
                0x08002364                pb_write
 .text.safe_read_bool
                0x08002404       0x3c ./Core/Src/pb_encode.o
 .text.encode_array
                0x08002440      0x2a8 ./Core/Src/pb_encode.o
 .text.pb_check_proto3_default_value
                0x080026e8      0x23c ./Core/Src/pb_encode.o
 .text.encode_basic_field
                0x08002924       0xe8 ./Core/Src/pb_encode.o
 .text.encode_callback_field
                0x08002a0c       0x54 ./Core/Src/pb_encode.o
 .text.encode_field
                0x08002a60       0xe8 ./Core/Src/pb_encode.o
 .text.default_extension_encoder
                0x08002b48       0x54 ./Core/Src/pb_encode.o
 .text.encode_extension_field
                0x08002b9c       0x62 ./Core/Src/pb_encode.o
 .text.pb_encode
                0x08002bfe       0x88 ./Core/Src/pb_encode.o
                0x08002bfe                pb_encode
 .text.pb_encode_varint_32
                0x08002c86       0xd4 ./Core/Src/pb_encode.o
 .text.pb_encode_varint
                0x08002d5a       0x56 ./Core/Src/pb_encode.o
                0x08002d5a                pb_encode_varint
 .text.pb_encode_svarint
                0x08002db0       0x74 ./Core/Src/pb_encode.o
                0x08002db0                pb_encode_svarint
 .text.pb_encode_fixed32
                0x08002e24       0x1e ./Core/Src/pb_encode.o
                0x08002e24                pb_encode_fixed32
 .text.pb_encode_fixed64
                0x08002e42       0x1e ./Core/Src/pb_encode.o
                0x08002e42                pb_encode_fixed64
 .text.pb_encode_tag
                0x08002e60       0x52 ./Core/Src/pb_encode.o
                0x08002e60                pb_encode_tag
 *fill*         0x08002eb2        0x2 
 .text.pb_encode_tag_for_field
                0x08002eb4       0x9c ./Core/Src/pb_encode.o
                0x08002eb4                pb_encode_tag_for_field
 .text.pb_encode_string
                0x08002f50       0x42 ./Core/Src/pb_encode.o
                0x08002f50                pb_encode_string
 *fill*         0x08002f92        0x2 
 .text.pb_encode_submessage
                0x08002f94      0x11c ./Core/Src/pb_encode.o
                0x08002f94                pb_encode_submessage
 .text.pb_enc_bool
                0x080030b0       0x34 ./Core/Src/pb_encode.o
 .text.pb_enc_varint
                0x080030e4      0x184 ./Core/Src/pb_encode.o
 .text.pb_enc_fixed
                0x08003268       0x5c ./Core/Src/pb_encode.o
 .text.pb_enc_bytes
                0x080032c4       0x7c ./Core/Src/pb_encode.o
 .text.pb_enc_string
                0x08003340       0xbc ./Core/Src/pb_encode.o
 .text.pb_enc_submessage
                0x080033fc       0x8c ./Core/Src/pb_encode.o
 .text.pb_enc_fixed_length_bytes
                0x08003488       0x24 ./Core/Src/pb_encode.o
 .text.MX_SPI1_Init
                0x080034ac       0x6c ./Core/Src/spi.o
                0x080034ac                MX_SPI1_Init
 .text.HAL_SPI_MspInit
                0x08003518       0x90 ./Core/Src/spi.o
                0x08003518                HAL_SPI_MspInit
 .text.HAL_MspInit
                0x080035a8       0x50 ./Core/Src/stm32f4xx_hal_msp.o
                0x080035a8                HAL_MspInit
 .text.NMI_Handler
                0x080035f8        0x8 ./Core/Src/stm32f4xx_it.o
                0x080035f8                NMI_Handler
 .text.HardFault_Handler
                0x08003600        0x8 ./Core/Src/stm32f4xx_it.o
                0x08003600                HardFault_Handler
 .text.MemManage_Handler
                0x08003608        0x8 ./Core/Src/stm32f4xx_it.o
                0x08003608                MemManage_Handler
 .text.BusFault_Handler
                0x08003610        0x8 ./Core/Src/stm32f4xx_it.o
                0x08003610                BusFault_Handler
 .text.UsageFault_Handler
                0x08003618        0x8 ./Core/Src/stm32f4xx_it.o
                0x08003618                UsageFault_Handler
 .text.SVC_Handler
                0x08003620        0xe ./Core/Src/stm32f4xx_it.o
                0x08003620                SVC_Handler
 .text.DebugMon_Handler
                0x0800362e        0xe ./Core/Src/stm32f4xx_it.o
                0x0800362e                DebugMon_Handler
 .text.PendSV_Handler
                0x0800363c        0xe ./Core/Src/stm32f4xx_it.o
                0x0800363c                PendSV_Handler
 .text.SysTick_Handler
                0x0800364a        0xc ./Core/Src/stm32f4xx_it.o
                0x0800364a                SysTick_Handler
 *fill*         0x08003656        0x2 
 .text.TIM2_IRQHandler
                0x08003658       0x14 ./Core/Src/stm32f4xx_it.o
                0x08003658                TIM2_IRQHandler
 .text.I2C2_EV_IRQHandler
                0x0800366c       0x14 ./Core/Src/stm32f4xx_it.o
                0x0800366c                I2C2_EV_IRQHandler
 .text.I2C2_ER_IRQHandler
                0x08003680       0x14 ./Core/Src/stm32f4xx_it.o
                0x08003680                I2C2_ER_IRQHandler
 .text.USART3_IRQHandler
                0x08003694       0x14 ./Core/Src/stm32f4xx_it.o
                0x08003694                USART3_IRQHandler
 .text.USART6_IRQHandler
                0x080036a8       0x14 ./Core/Src/stm32f4xx_it.o
                0x080036a8                USART6_IRQHandler
 .text._getpid  0x080036bc       0x10 ./Core/Src/syscalls.o
                0x080036bc                _getpid
 .text._kill    0x080036cc       0x20 ./Core/Src/syscalls.o
                0x080036cc                _kill
 .text._exit    0x080036ec       0x16 ./Core/Src/syscalls.o
                0x080036ec                _exit
 .text._read    0x08003702       0x3a ./Core/Src/syscalls.o
                0x08003702                _read
 .text._write   0x0800373c       0x38 ./Core/Src/syscalls.o
                0x0800373c                _write
 .text._close   0x08003774       0x18 ./Core/Src/syscalls.o
                0x08003774                _close
 .text._fstat   0x0800378c       0x20 ./Core/Src/syscalls.o
                0x0800378c                _fstat
 .text._isatty  0x080037ac       0x16 ./Core/Src/syscalls.o
                0x080037ac                _isatty
 .text._lseek   0x080037c2       0x1a ./Core/Src/syscalls.o
                0x080037c2                _lseek
 .text._sbrk    0x080037dc       0x6c ./Core/Src/sysmem.o
                0x080037dc                _sbrk
 .text.SystemInit
                0x08003848       0x24 ./Core/Src/system_stm32f4xx.o
                0x08003848                SystemInit
 .text.MX_TIM2_Init
                0x0800386c       0x9c ./Core/Src/tim.o
                0x0800386c                MX_TIM2_Init
 .text.HAL_TIM_Base_MspInit
                0x08003908       0x4c ./Core/Src/tim.o
                0x08003908                HAL_TIM_Base_MspInit
 .text.MX_USART3_UART_Init
                0x08003954       0x54 ./Core/Src/usart.o
                0x08003954                MX_USART3_UART_Init
 .text.MX_USART6_UART_Init
                0x080039a8       0x54 ./Core/Src/usart.o
                0x080039a8                MX_USART6_UART_Init
 .text.HAL_UART_MspInit
                0x080039fc      0x118 ./Core/Src/usart.o
                0x080039fc                HAL_UART_MspInit
 .text.Reset_Handler
                0x08003b14       0x50 ./Core/Startup/startup_stm32f407zgtx.o
                0x08003b14                Reset_Handler
 .text.Default_Handler
                0x08003b64        0x2 ./Core/Startup/startup_stm32f407zgtx.o
                0x08003b64                RTC_Alarm_IRQHandler
                0x08003b64                HASH_RNG_IRQHandler
                0x08003b64                EXTI2_IRQHandler
                0x08003b64                TIM8_CC_IRQHandler
                0x08003b64                TIM1_CC_IRQHandler
                0x08003b64                DMA2_Stream5_IRQHandler
                0x08003b64                DMA1_Stream5_IRQHandler
                0x08003b64                PVD_IRQHandler
                0x08003b64                SDIO_IRQHandler
                0x08003b64                TAMP_STAMP_IRQHandler
                0x08003b64                CAN2_RX1_IRQHandler
                0x08003b64                EXTI3_IRQHandler
                0x08003b64                TIM8_TRG_COM_TIM14_IRQHandler
                0x08003b64                TIM1_UP_TIM10_IRQHandler
                0x08003b64                TIM8_UP_TIM13_IRQHandler
                0x08003b64                I2C3_ER_IRQHandler
                0x08003b64                EXTI0_IRQHandler
                0x08003b64                DMA1_Stream2_IRQHandler
                0x08003b64                CAN1_RX0_IRQHandler
                0x08003b64                FPU_IRQHandler
                0x08003b64                OTG_HS_WKUP_IRQHandler
                0x08003b64                CAN2_SCE_IRQHandler
                0x08003b64                DMA2_Stream2_IRQHandler
                0x08003b64                SPI1_IRQHandler
                0x08003b64                TIM6_DAC_IRQHandler
                0x08003b64                TIM1_BRK_TIM9_IRQHandler
                0x08003b64                DCMI_IRQHandler
                0x08003b64                CAN2_RX0_IRQHandler
                0x08003b64                DMA2_Stream3_IRQHandler
                0x08003b64                CAN1_RX1_IRQHandler
                0x08003b64                UART5_IRQHandler
                0x08003b64                DMA2_Stream0_IRQHandler
                0x08003b64                TIM4_IRQHandler
                0x08003b64                I2C1_EV_IRQHandler
                0x08003b64                DMA1_Stream6_IRQHandler
                0x08003b64                DMA1_Stream1_IRQHandler
                0x08003b64                UART4_IRQHandler
                0x08003b64                TIM3_IRQHandler
                0x08003b64                RCC_IRQHandler
                0x08003b64                TIM8_BRK_TIM12_IRQHandler
                0x08003b64                Default_Handler
                0x08003b64                EXTI15_10_IRQHandler
                0x08003b64                ADC_IRQHandler
                0x08003b64                DMA1_Stream7_IRQHandler
                0x08003b64                TIM7_IRQHandler
                0x08003b64                CAN2_TX_IRQHandler
                0x08003b64                TIM5_IRQHandler
                0x08003b64                DMA2_Stream7_IRQHandler
                0x08003b64                I2C3_EV_IRQHandler
                0x08003b64                EXTI9_5_IRQHandler
                0x08003b64                RTC_WKUP_IRQHandler
                0x08003b64                ETH_WKUP_IRQHandler
                0x08003b64                SPI2_IRQHandler
                0x08003b64                OTG_HS_EP1_IN_IRQHandler
                0x08003b64                DMA1_Stream0_IRQHandler
                0x08003b64                CAN1_TX_IRQHandler
                0x08003b64                EXTI4_IRQHandler
                0x08003b64                FSMC_IRQHandler
                0x08003b64                ETH_IRQHandler
                0x08003b64                OTG_HS_EP1_OUT_IRQHandler
                0x08003b64                WWDG_IRQHandler
                0x08003b64                OTG_FS_WKUP_IRQHandler
                0x08003b64                TIM1_TRG_COM_TIM11_IRQHandler
                0x08003b64                OTG_HS_IRQHandler
                0x08003b64                EXTI1_IRQHandler
                0x08003b64                USART2_IRQHandler
                0x08003b64                DMA2_Stream1_IRQHandler
                0x08003b64                CAN1_SCE_IRQHandler
                0x08003b64                FLASH_IRQHandler
                0x08003b64                DMA2_Stream4_IRQHandler
                0x08003b64                USART1_IRQHandler
                0x08003b64                OTG_FS_IRQHandler
                0x08003b64                SPI3_IRQHandler
                0x08003b64                DMA1_Stream4_IRQHandler
                0x08003b64                I2C1_ER_IRQHandler
                0x08003b64                DMA2_Stream6_IRQHandler
                0x08003b64                DMA1_Stream3_IRQHandler
 *fill*         0x08003b66        0x2 
 .text.HAL_Init
                0x08003b68       0x44 ./Drivers/STM32F4xx_HAL_Driver/Src/stm32f4xx_hal.o
                0x08003b68                HAL_Init
 .text.HAL_InitTick
                0x08003bac       0x60 ./Drivers/STM32F4xx_HAL_Driver/Src/stm32f4xx_hal.o
                0x08003bac                HAL_InitTick
 .text.HAL_IncTick
                0x08003c0c       0x28 ./Drivers/STM32F4xx_HAL_Driver/Src/stm32f4xx_hal.o
                0x08003c0c                HAL_IncTick
 .text.HAL_GetTick
                0x08003c34       0x18 ./Drivers/STM32F4xx_HAL_Driver/Src/stm32f4xx_hal.o
                0x08003c34                HAL_GetTick
 .text.HAL_Delay
                0x08003c4c       0x48 ./Drivers/STM32F4xx_HAL_Driver/Src/stm32f4xx_hal.o
                0x08003c4c                HAL_Delay
 .text.__NVIC_SetPriorityGrouping
                0x08003c94       0x48 ./Drivers/STM32F4xx_HAL_Driver/Src/stm32f4xx_hal_cortex.o
 .text.__NVIC_GetPriorityGrouping
                0x08003cdc       0x1c ./Drivers/STM32F4xx_HAL_Driver/Src/stm32f4xx_hal_cortex.o
 .text.__NVIC_EnableIRQ
                0x08003cf8       0x3c ./Drivers/STM32F4xx_HAL_Driver/Src/stm32f4xx_hal_cortex.o
 .text.__NVIC_SetPriority
                0x08003d34       0x54 ./Drivers/STM32F4xx_HAL_Driver/Src/stm32f4xx_hal_cortex.o
 .text.NVIC_EncodePriority
                0x08003d88       0x66 ./Drivers/STM32F4xx_HAL_Driver/Src/stm32f4xx_hal_cortex.o
 *fill*         0x08003dee        0x2 
 .text.SysTick_Config
                0x08003df0       0x44 ./Drivers/STM32F4xx_HAL_Driver/Src/stm32f4xx_hal_cortex.o
 .text.HAL_NVIC_SetPriorityGrouping
                0x08003e34       0x16 ./Drivers/STM32F4xx_HAL_Driver/Src/stm32f4xx_hal_cortex.o
                0x08003e34                HAL_NVIC_SetPriorityGrouping
 .text.HAL_NVIC_SetPriority
                0x08003e4a       0x38 ./Drivers/STM32F4xx_HAL_Driver/Src/stm32f4xx_hal_cortex.o
                0x08003e4a                HAL_NVIC_SetPriority
 .text.HAL_NVIC_EnableIRQ
                0x08003e82       0x1c ./Drivers/STM32F4xx_HAL_Driver/Src/stm32f4xx_hal_cortex.o
                0x08003e82                HAL_NVIC_EnableIRQ
 .text.HAL_SYSTICK_Config
                0x08003e9e       0x18 ./Drivers/STM32F4xx_HAL_Driver/Src/stm32f4xx_hal_cortex.o
                0x08003e9e                HAL_SYSTICK_Config
 .text.HAL_DMA_Abort
                0x08003eb6       0xe0 ./Drivers/STM32F4xx_HAL_Driver/Src/stm32f4xx_hal_dma.o
                0x08003eb6                HAL_DMA_Abort
 .text.HAL_DMA_Abort_IT
                0x08003f96       0x44 ./Drivers/STM32F4xx_HAL_Driver/Src/stm32f4xx_hal_dma.o
                0x08003f96                HAL_DMA_Abort_IT
 .text.HAL_DMA_GetState
                0x08003fda       0x1c ./Drivers/STM32F4xx_HAL_Driver/Src/stm32f4xx_hal_dma.o
                0x08003fda                HAL_DMA_GetState
 *fill*         0x08003ff6        0x2 
 .text.HAL_GPIO_Init
                0x08003ff8      0x338 ./Drivers/STM32F4xx_HAL_Driver/Src/stm32f4xx_hal_gpio.o
                0x08003ff8                HAL_GPIO_Init
 .text.HAL_GPIO_WritePin
                0x08004330       0x32 ./Drivers/STM32F4xx_HAL_Driver/Src/stm32f4xx_hal_gpio.o
                0x08004330                HAL_GPIO_WritePin
 *fill*         0x08004362        0x2 
 .text.HAL_I2C_Init
                0x08004364      0x288 ./Drivers/STM32F4xx_HAL_Driver/Src/stm32f4xx_hal_i2c.o
                0x08004364                HAL_I2C_Init
 .text.I2C_Flush_DR
                0x080045ec       0x2a ./Drivers/STM32F4xx_HAL_Driver/Src/stm32f4xx_hal_i2c.o
 .text.HAL_I2C_EV_IRQHandler
                0x08004616      0x2e2 ./Drivers/STM32F4xx_HAL_Driver/Src/stm32f4xx_hal_i2c.o
                0x08004616                HAL_I2C_EV_IRQHandler
 .text.HAL_I2C_ER_IRQHandler
                0x080048f8      0x14e ./Drivers/STM32F4xx_HAL_Driver/Src/stm32f4xx_hal_i2c.o
                0x080048f8                HAL_I2C_ER_IRQHandler
 .text.HAL_I2C_MasterTxCpltCallback
                0x08004a46       0x14 ./Drivers/STM32F4xx_HAL_Driver/Src/stm32f4xx_hal_i2c.o
                0x08004a46                HAL_I2C_MasterTxCpltCallback
 .text.HAL_I2C_MasterRxCpltCallback
                0x08004a5a       0x14 ./Drivers/STM32F4xx_HAL_Driver/Src/stm32f4xx_hal_i2c.o
                0x08004a5a                HAL_I2C_MasterRxCpltCallback
 .text.HAL_I2C_SlaveTxCpltCallback
                0x08004a6e       0x14 ./Drivers/STM32F4xx_HAL_Driver/Src/stm32f4xx_hal_i2c.o
                0x08004a6e                HAL_I2C_SlaveTxCpltCallback
 .text.HAL_I2C_SlaveRxCpltCallback
                0x08004a82       0x14 ./Drivers/STM32F4xx_HAL_Driver/Src/stm32f4xx_hal_i2c.o
                0x08004a82                HAL_I2C_SlaveRxCpltCallback
 .text.HAL_I2C_AddrCallback
                0x08004a96       0x1c ./Drivers/STM32F4xx_HAL_Driver/Src/stm32f4xx_hal_i2c.o
                0x08004a96                HAL_I2C_AddrCallback
 .text.HAL_I2C_ListenCpltCallback
                0x08004ab2       0x14 ./Drivers/STM32F4xx_HAL_Driver/Src/stm32f4xx_hal_i2c.o
                0x08004ab2                HAL_I2C_ListenCpltCallback
 .text.HAL_I2C_MemTxCpltCallback
                0x08004ac6       0x14 ./Drivers/STM32F4xx_HAL_Driver/Src/stm32f4xx_hal_i2c.o
                0x08004ac6                HAL_I2C_MemTxCpltCallback
 .text.HAL_I2C_MemRxCpltCallback
                0x08004ada       0x14 ./Drivers/STM32F4xx_HAL_Driver/Src/stm32f4xx_hal_i2c.o
                0x08004ada                HAL_I2C_MemRxCpltCallback
 .text.HAL_I2C_ErrorCallback
                0x08004aee       0x14 ./Drivers/STM32F4xx_HAL_Driver/Src/stm32f4xx_hal_i2c.o
                0x08004aee                HAL_I2C_ErrorCallback
 .text.HAL_I2C_AbortCpltCallback
                0x08004b02       0x14 ./Drivers/STM32F4xx_HAL_Driver/Src/stm32f4xx_hal_i2c.o
                0x08004b02                HAL_I2C_AbortCpltCallback
 .text.I2C_MasterTransmit_TXE
                0x08004b16      0x138 ./Drivers/STM32F4xx_HAL_Driver/Src/stm32f4xx_hal_i2c.o
 .text.I2C_MasterTransmit_BTF
                0x08004c4e       0xec ./Drivers/STM32F4xx_HAL_Driver/Src/stm32f4xx_hal_i2c.o
 .text.I2C_MemoryTransmit_TXE_BTF
                0x08004d3a      0x130 ./Drivers/STM32F4xx_HAL_Driver/Src/stm32f4xx_hal_i2c.o
 .text.I2C_MasterReceive_RXNE
                0x08004e6a      0x190 ./Drivers/STM32F4xx_HAL_Driver/Src/stm32f4xx_hal_i2c.o
 .text.I2C_MasterReceive_BTF
                0x08004ffa      0x1e2 ./Drivers/STM32F4xx_HAL_Driver/Src/stm32f4xx_hal_i2c.o
 .text.I2C_Master_SB
                0x080051dc      0x10c ./Drivers/STM32F4xx_HAL_Driver/Src/stm32f4xx_hal_i2c.o
 .text.I2C_Master_ADD10
                0x080052e8       0x54 ./Drivers/STM32F4xx_HAL_Driver/Src/stm32f4xx_hal_i2c.o
 .text.I2C_Master_ADDR
                0x0800533c      0x322 ./Drivers/STM32F4xx_HAL_Driver/Src/stm32f4xx_hal_i2c.o
 .text.I2C_SlaveTransmit_TXE
                0x0800565e       0x7a ./Drivers/STM32F4xx_HAL_Driver/Src/stm32f4xx_hal_i2c.o
 .text.I2C_SlaveTransmit_BTF
                0x080056d8       0x42 ./Drivers/STM32F4xx_HAL_Driver/Src/stm32f4xx_hal_i2c.o
 .text.I2C_SlaveReceive_RXNE
                0x0800571a       0x7c ./Drivers/STM32F4xx_HAL_Driver/Src/stm32f4xx_hal_i2c.o
 .text.I2C_SlaveReceive_BTF
                0x08005796       0x44 ./Drivers/STM32F4xx_HAL_Driver/Src/stm32f4xx_hal_i2c.o
 .text.I2C_Slave_ADDR
                0x080057da       0x94 ./Drivers/STM32F4xx_HAL_Driver/Src/stm32f4xx_hal_i2c.o
 *fill*         0x0800586e        0x2 
 .text.I2C_Slave_STOPF
                0x08005870      0x260 ./Drivers/STM32F4xx_HAL_Driver/Src/stm32f4xx_hal_i2c.o
 .text.I2C_Slave_AF
                0x08005ad0       0xe8 ./Drivers/STM32F4xx_HAL_Driver/Src/stm32f4xx_hal_i2c.o
 .text.I2C_ITError
                0x08005bb8      0x264 ./Drivers/STM32F4xx_HAL_Driver/Src/stm32f4xx_hal_i2c.o
 .text.I2C_DMAAbort
                0x08005e1c      0x150 ./Drivers/STM32F4xx_HAL_Driver/Src/stm32f4xx_hal_i2c.o
 .text.I2C_WaitOnSTOPRequestThroughIT
                0x08005f6c       0x64 ./Drivers/STM32F4xx_HAL_Driver/Src/stm32f4xx_hal_i2c.o
 .text.I2C_ConvertOtherXferOptions
                0x08005fd0       0x36 ./Drivers/STM32F4xx_HAL_Driver/Src/stm32f4xx_hal_i2c.o
 *fill*         0x08006006        0x2 
 .text.HAL_RCC_OscConfig
                0x08006008      0x4f0 ./Drivers/STM32F4xx_HAL_Driver/Src/stm32f4xx_hal_rcc.o
                0x08006008                HAL_RCC_OscConfig
 .text.HAL_RCC_ClockConfig
                0x080064f8      0x1cc ./Drivers/STM32F4xx_HAL_Driver/Src/stm32f4xx_hal_rcc.o
                0x080064f8                HAL_RCC_ClockConfig
 .text.HAL_RCC_GetSysClockFreq
                0x080066c4      0x18c ./Drivers/STM32F4xx_HAL_Driver/Src/stm32f4xx_hal_rcc.o
                0x080066c4                HAL_RCC_GetSysClockFreq
 .text.HAL_RCC_GetHCLKFreq
                0x08006850       0x18 ./Drivers/STM32F4xx_HAL_Driver/Src/stm32f4xx_hal_rcc.o
                0x08006850                HAL_RCC_GetHCLKFreq
 .text.HAL_RCC_GetPCLK1Freq
                0x08006868       0x28 ./Drivers/STM32F4xx_HAL_Driver/Src/stm32f4xx_hal_rcc.o
                0x08006868                HAL_RCC_GetPCLK1Freq
 .text.HAL_RCC_GetPCLK2Freq
                0x08006890       0x28 ./Drivers/STM32F4xx_HAL_Driver/Src/stm32f4xx_hal_rcc.o
                0x08006890                HAL_RCC_GetPCLK2Freq
 .text.HAL_SPI_Init
                0x080068b8      0x112 ./Drivers/STM32F4xx_HAL_Driver/Src/stm32f4xx_hal_spi.o
                0x080068b8                HAL_SPI_Init
 .text.HAL_SRAM_Init
                0x080069ca       0x90 ./Drivers/STM32F4xx_HAL_Driver/Src/stm32f4xx_hal_sram.o
                0x080069ca                HAL_SRAM_Init
 .text.HAL_TIM_Base_Init
                0x08006a5a       0x9e ./Drivers/STM32F4xx_HAL_Driver/Src/stm32f4xx_hal_tim.o
                0x08006a5a                HAL_TIM_Base_Init
 .text.HAL_TIM_IRQHandler
                0x08006af8      0x1e0 ./Drivers/STM32F4xx_HAL_Driver/Src/stm32f4xx_hal_tim.o
                0x08006af8                HAL_TIM_IRQHandler
 .text.HAL_TIM_ConfigClockSource
                0x08006cd8      0x18e ./Drivers/STM32F4xx_HAL_Driver/Src/stm32f4xx_hal_tim.o
                0x08006cd8                HAL_TIM_ConfigClockSource
 .text.HAL_TIM_PeriodElapsedCallback
                0x08006e66       0x14 ./Drivers/STM32F4xx_HAL_Driver/Src/stm32f4xx_hal_tim.o
                0x08006e66                HAL_TIM_PeriodElapsedCallback
 .text.HAL_TIM_OC_DelayElapsedCallback
                0x08006e7a       0x14 ./Drivers/STM32F4xx_HAL_Driver/Src/stm32f4xx_hal_tim.o
                0x08006e7a                HAL_TIM_OC_DelayElapsedCallback
 .text.HAL_TIM_IC_CaptureCallback
                0x08006e8e       0x14 ./Drivers/STM32F4xx_HAL_Driver/Src/stm32f4xx_hal_tim.o
                0x08006e8e                HAL_TIM_IC_CaptureCallback
 .text.HAL_TIM_PWM_PulseFinishedCallback
                0x08006ea2       0x14 ./Drivers/STM32F4xx_HAL_Driver/Src/stm32f4xx_hal_tim.o
                0x08006ea2                HAL_TIM_PWM_PulseFinishedCallback
 .text.HAL_TIM_TriggerCallback
                0x08006eb6       0x14 ./Drivers/STM32F4xx_HAL_Driver/Src/stm32f4xx_hal_tim.o
                0x08006eb6                HAL_TIM_TriggerCallback
 *fill*         0x08006eca        0x2 
 .text.TIM_Base_SetConfig
                0x08006ecc      0x14c ./Drivers/STM32F4xx_HAL_Driver/Src/stm32f4xx_hal_tim.o
                0x08006ecc                TIM_Base_SetConfig
 .text.TIM_TI1_ConfigInputStage
                0x08007018       0x5e ./Drivers/STM32F4xx_HAL_Driver/Src/stm32f4xx_hal_tim.o
 .text.TIM_TI2_ConfigInputStage
                0x08007076       0x60 ./Drivers/STM32F4xx_HAL_Driver/Src/stm32f4xx_hal_tim.o
 .text.TIM_ITRx_SetConfig
                0x080070d6       0x36 ./Drivers/STM32F4xx_HAL_Driver/Src/stm32f4xx_hal_tim.o
 .text.TIM_ETR_SetConfig
                0x0800710c       0x40 ./Drivers/STM32F4xx_HAL_Driver/Src/stm32f4xx_hal_tim.o
                0x0800710c                TIM_ETR_SetConfig
 .text.HAL_TIMEx_MasterConfigSynchronization
                0x0800714c       0xf8 ./Drivers/STM32F4xx_HAL_Driver/Src/stm32f4xx_hal_tim_ex.o
                0x0800714c                HAL_TIMEx_MasterConfigSynchronization
 .text.HAL_TIMEx_CommutCallback
                0x08007244       0x14 ./Drivers/STM32F4xx_HAL_Driver/Src/stm32f4xx_hal_tim_ex.o
                0x08007244                HAL_TIMEx_CommutCallback
 .text.HAL_TIMEx_BreakCallback
                0x08007258       0x14 ./Drivers/STM32F4xx_HAL_Driver/Src/stm32f4xx_hal_tim_ex.o
                0x08007258                HAL_TIMEx_BreakCallback
 .text.HAL_UART_Init
                0x0800726c       0xa0 ./Drivers/STM32F4xx_HAL_Driver/Src/stm32f4xx_hal_uart.o
                0x0800726c                HAL_UART_Init
 .text.HAL_UART_Transmit
                0x0800730c      0x116 ./Drivers/STM32F4xx_HAL_Driver/Src/stm32f4xx_hal_uart.o
                0x0800730c                HAL_UART_Transmit
 *fill*         0x08007422        0x2 
 .text.HAL_UART_IRQHandler
                0x08007424      0x554 ./Drivers/STM32F4xx_HAL_Driver/Src/stm32f4xx_hal_uart.o
                0x08007424                HAL_UART_IRQHandler
 .text.HAL_UART_TxCpltCallback
                0x08007978       0x14 ./Drivers/STM32F4xx_HAL_Driver/Src/stm32f4xx_hal_uart.o
                0x08007978                HAL_UART_TxCpltCallback
 .text.HAL_UART_RxCpltCallback
                0x0800798c       0x14 ./Drivers/STM32F4xx_HAL_Driver/Src/stm32f4xx_hal_uart.o
                0x0800798c                HAL_UART_RxCpltCallback
 .text.HAL_UART_ErrorCallback
                0x080079a0       0x14 ./Drivers/STM32F4xx_HAL_Driver/Src/stm32f4xx_hal_uart.o
                0x080079a0                HAL_UART_ErrorCallback
 .text.HAL_UARTEx_RxEventCallback
                0x080079b4       0x18 ./Drivers/STM32F4xx_HAL_Driver/Src/stm32f4xx_hal_uart.o
                0x080079b4                HAL_UARTEx_RxEventCallback
 .text.UART_WaitOnFlagUntilTimeout
                0x080079cc       0xb2 ./Drivers/STM32F4xx_HAL_Driver/Src/stm32f4xx_hal_uart.o
 .text.UART_EndRxTransfer
                0x08007a7e       0xc6 ./Drivers/STM32F4xx_HAL_Driver/Src/stm32f4xx_hal_uart.o
 .text.UART_DMAAbortOnError
                0x08007b44       0x22 ./Drivers/STM32F4xx_HAL_Driver/Src/stm32f4xx_hal_uart.o
 .text.UART_Transmit_IT
                0x08007b66       0xa0 ./Drivers/STM32F4xx_HAL_Driver/Src/stm32f4xx_hal_uart.o
 .text.UART_EndTransmit_IT
                0x08007c06       0x30 ./Drivers/STM32F4xx_HAL_Driver/Src/stm32f4xx_hal_uart.o
 .text.UART_Receive_IT
                0x08007c36      0x17c ./Drivers/STM32F4xx_HAL_Driver/Src/stm32f4xx_hal_uart.o
 *fill*         0x08007db2        0x2 
 .text.UART_SetConfig
                0x08007db4      0x4e8 ./Drivers/STM32F4xx_HAL_Driver/Src/stm32f4xx_hal_uart.o
 .text.FSMC_NORSRAM_Init
                0x0800829c       0xd4 ./Drivers/STM32F4xx_HAL_Driver/Src/stm32f4xx_ll_fsmc.o
                0x0800829c                FSMC_NORSRAM_Init
 .text.FSMC_NORSRAM_Timing_Init
                0x08008370       0x5c ./Drivers/STM32F4xx_HAL_Driver/Src/stm32f4xx_ll_fsmc.o
                0x08008370                FSMC_NORSRAM_Timing_Init
 .text.FSMC_NORSRAM_Extended_Timing_Init
                0x080083cc       0x70 ./Drivers/STM32F4xx_HAL_Driver/Src/stm32f4xx_ll_fsmc.o
                0x080083cc                FSMC_NORSRAM_Extended_Timing_Init
 .text.__cvt    0x0800843c       0xca D:/STM32_install/STM32cubeIDE_1.9.0/STM32CubeIDE_1.19.0/STM32CubeIDE/plugins/com.st.stm32cube.ide.mcu.externaltools.gnu-tools-for-stm32.13.3.rel1.win32_1.0.0.202411081344/tools/bin/../lib/gcc/arm-none-eabi/13.3.1/../../../../arm-none-eabi/lib/thumb/v7e-m+fp/hard\libc_nano.a(libc_a-nano-vfprintf_float.o)
                0x0800843c                __cvt
 .text.__exponent
                0x08008506       0x74 D:/STM32_install/STM32cubeIDE_1.9.0/STM32CubeIDE_1.19.0/STM32CubeIDE/plugins/com.st.stm32cube.ide.mcu.externaltools.gnu-tools-for-stm32.13.3.rel1.win32_1.0.0.202411081344/tools/bin/../lib/gcc/arm-none-eabi/13.3.1/../../../../arm-none-eabi/lib/thumb/v7e-m+fp/hard\libc_nano.a(libc_a-nano-vfprintf_float.o)
                0x08008506                __exponent
 *fill*         0x0800857a        0x2 
 .text._printf_float
                0x0800857c      0x454 D:/STM32_install/STM32cubeIDE_1.9.0/STM32CubeIDE_1.19.0/STM32CubeIDE/plugins/com.st.stm32cube.ide.mcu.externaltools.gnu-tools-for-stm32.13.3.rel1.win32_1.0.0.202411081344/tools/bin/../lib/gcc/arm-none-eabi/13.3.1/../../../../arm-none-eabi/lib/thumb/v7e-m+fp/hard\libc_nano.a(libc_a-nano-vfprintf_float.o)
                0x0800857c                _printf_float
 .text._printf_common
                0x080089d0       0xda D:/STM32_install/STM32cubeIDE_1.9.0/STM32CubeIDE_1.19.0/STM32CubeIDE/plugins/com.st.stm32cube.ide.mcu.externaltools.gnu-tools-for-stm32.13.3.rel1.win32_1.0.0.202411081344/tools/bin/../lib/gcc/arm-none-eabi/13.3.1/../../../../arm-none-eabi/lib/thumb/v7e-m+fp/hard\libc_nano.a(libc_a-nano-vfprintf_i.o)
                0x080089d0                _printf_common
 *fill*         0x08008aaa        0x2 
 .text._printf_i
                0x08008aac      0x23c D:/STM32_install/STM32cubeIDE_1.9.0/STM32CubeIDE_1.19.0/STM32CubeIDE/plugins/com.st.stm32cube.ide.mcu.externaltools.gnu-tools-for-stm32.13.3.rel1.win32_1.0.0.202411081344/tools/bin/../lib/gcc/arm-none-eabi/13.3.1/../../../../arm-none-eabi/lib/thumb/v7e-m+fp/hard\libc_nano.a(libc_a-nano-vfprintf_i.o)
                0x08008aac                _printf_i
 .text.std      0x08008ce8       0x6c D:/STM32_install/STM32cubeIDE_1.9.0/STM32CubeIDE_1.19.0/STM32CubeIDE/plugins/com.st.stm32cube.ide.mcu.externaltools.gnu-tools-for-stm32.13.3.rel1.win32_1.0.0.202411081344/tools/bin/../lib/gcc/arm-none-eabi/13.3.1/../../../../arm-none-eabi/lib/thumb/v7e-m+fp/hard\libc_nano.a(libc_a-findfp.o)
 .text.stdio_exit_handler
                0x08008d54       0x18 D:/STM32_install/STM32cubeIDE_1.9.0/STM32CubeIDE_1.19.0/STM32CubeIDE/plugins/com.st.stm32cube.ide.mcu.externaltools.gnu-tools-for-stm32.13.3.rel1.win32_1.0.0.202411081344/tools/bin/../lib/gcc/arm-none-eabi/13.3.1/../../../../arm-none-eabi/lib/thumb/v7e-m+fp/hard\libc_nano.a(libc_a-findfp.o)
 .text.cleanup_stdio
                0x08008d6c       0x40 D:/STM32_install/STM32cubeIDE_1.9.0/STM32CubeIDE_1.19.0/STM32CubeIDE/plugins/com.st.stm32cube.ide.mcu.externaltools.gnu-tools-for-stm32.13.3.rel1.win32_1.0.0.202411081344/tools/bin/../lib/gcc/arm-none-eabi/13.3.1/../../../../arm-none-eabi/lib/thumb/v7e-m+fp/hard\libc_nano.a(libc_a-findfp.o)
 .text.global_stdio_init.part.0
                0x08008dac       0x3c D:/STM32_install/STM32cubeIDE_1.9.0/STM32CubeIDE_1.19.0/STM32CubeIDE/plugins/com.st.stm32cube.ide.mcu.externaltools.gnu-tools-for-stm32.13.3.rel1.win32_1.0.0.202411081344/tools/bin/../lib/gcc/arm-none-eabi/13.3.1/../../../../arm-none-eabi/lib/thumb/v7e-m+fp/hard\libc_nano.a(libc_a-findfp.o)
 .text.__sfp_lock_acquire
                0x08008de8        0xc D:/STM32_install/STM32cubeIDE_1.9.0/STM32CubeIDE_1.19.0/STM32CubeIDE/plugins/com.st.stm32cube.ide.mcu.externaltools.gnu-tools-for-stm32.13.3.rel1.win32_1.0.0.202411081344/tools/bin/../lib/gcc/arm-none-eabi/13.3.1/../../../../arm-none-eabi/lib/thumb/v7e-m+fp/hard\libc_nano.a(libc_a-findfp.o)
                0x08008de8                __sfp_lock_acquire
 .text.__sfp_lock_release
                0x08008df4        0xc D:/STM32_install/STM32cubeIDE_1.9.0/STM32CubeIDE_1.19.0/STM32CubeIDE/plugins/com.st.stm32cube.ide.mcu.externaltools.gnu-tools-for-stm32.13.3.rel1.win32_1.0.0.202411081344/tools/bin/../lib/gcc/arm-none-eabi/13.3.1/../../../../arm-none-eabi/lib/thumb/v7e-m+fp/hard\libc_nano.a(libc_a-findfp.o)
                0x08008df4                __sfp_lock_release
 .text.__sinit  0x08008e00       0x30 D:/STM32_install/STM32cubeIDE_1.9.0/STM32CubeIDE_1.19.0/STM32CubeIDE/plugins/com.st.stm32cube.ide.mcu.externaltools.gnu-tools-for-stm32.13.3.rel1.win32_1.0.0.202411081344/tools/bin/../lib/gcc/arm-none-eabi/13.3.1/../../../../arm-none-eabi/lib/thumb/v7e-m+fp/hard\libc_nano.a(libc_a-findfp.o)
                0x08008e00                __sinit
 .text._fwalk_sglue
                0x08008e30       0x3c D:/STM32_install/STM32cubeIDE_1.9.0/STM32CubeIDE_1.19.0/STM32CubeIDE/plugins/com.st.stm32cube.ide.mcu.externaltools.gnu-tools-for-stm32.13.3.rel1.win32_1.0.0.202411081344/tools/bin/../lib/gcc/arm-none-eabi/13.3.1/../../../../arm-none-eabi/lib/thumb/v7e-m+fp/hard\libc_nano.a(libc_a-fwalk.o)
                0x08008e30                _fwalk_sglue
 .text.sprintf  0x08008e6c       0x44 D:/STM32_install/STM32cubeIDE_1.9.0/STM32CubeIDE_1.19.0/STM32CubeIDE/plugins/com.st.stm32cube.ide.mcu.externaltools.gnu-tools-for-stm32.13.3.rel1.win32_1.0.0.202411081344/tools/bin/../lib/gcc/arm-none-eabi/13.3.1/../../../../arm-none-eabi/lib/thumb/v7e-m+fp/hard\libc_nano.a(libc_a-sprintf.o)
                0x08008e6c                siprintf
                0x08008e6c                sprintf
 .text.__sread  0x08008eb0       0x22 D:/STM32_install/STM32cubeIDE_1.9.0/STM32CubeIDE_1.19.0/STM32CubeIDE/plugins/com.st.stm32cube.ide.mcu.externaltools.gnu-tools-for-stm32.13.3.rel1.win32_1.0.0.202411081344/tools/bin/../lib/gcc/arm-none-eabi/13.3.1/../../../../arm-none-eabi/lib/thumb/v7e-m+fp/hard\libc_nano.a(libc_a-stdio.o)
                0x08008eb0                __sread
 .text.__swrite
                0x08008ed2       0x38 D:/STM32_install/STM32cubeIDE_1.9.0/STM32CubeIDE_1.19.0/STM32CubeIDE/plugins/com.st.stm32cube.ide.mcu.externaltools.gnu-tools-for-stm32.13.3.rel1.win32_1.0.0.202411081344/tools/bin/../lib/gcc/arm-none-eabi/13.3.1/../../../../arm-none-eabi/lib/thumb/v7e-m+fp/hard\libc_nano.a(libc_a-stdio.o)
                0x08008ed2                __swrite
 .text.__sseek  0x08008f0a       0x24 D:/STM32_install/STM32cubeIDE_1.9.0/STM32CubeIDE_1.19.0/STM32CubeIDE/plugins/com.st.stm32cube.ide.mcu.externaltools.gnu-tools-for-stm32.13.3.rel1.win32_1.0.0.202411081344/tools/bin/../lib/gcc/arm-none-eabi/13.3.1/../../../../arm-none-eabi/lib/thumb/v7e-m+fp/hard\libc_nano.a(libc_a-stdio.o)
                0x08008f0a                __sseek
 .text.__sclose
                0x08008f2e        0x8 D:/STM32_install/STM32cubeIDE_1.9.0/STM32CubeIDE_1.19.0/STM32CubeIDE/plugins/com.st.stm32cube.ide.mcu.externaltools.gnu-tools-for-stm32.13.3.rel1.win32_1.0.0.202411081344/tools/bin/../lib/gcc/arm-none-eabi/13.3.1/../../../../arm-none-eabi/lib/thumb/v7e-m+fp/hard\libc_nano.a(libc_a-stdio.o)
                0x08008f2e                __sclose
 .text.memset   0x08008f36       0x10 D:/STM32_install/STM32cubeIDE_1.9.0/STM32CubeIDE_1.19.0/STM32CubeIDE/plugins/com.st.stm32cube.ide.mcu.externaltools.gnu-tools-for-stm32.13.3.rel1.win32_1.0.0.202411081344/tools/bin/../lib/gcc/arm-none-eabi/13.3.1/../../../../arm-none-eabi/lib/thumb/v7e-m+fp/hard\libc_nano.a(libc_a-memset.o)
                0x08008f36                memset
 *fill*         0x08008f46        0x2 
 .text._localeconv_r
                0x08008f48        0x8 D:/STM32_install/STM32cubeIDE_1.9.0/STM32CubeIDE_1.19.0/STM32CubeIDE/plugins/com.st.stm32cube.ide.mcu.externaltools.gnu-tools-for-stm32.13.3.rel1.win32_1.0.0.202411081344/tools/bin/../lib/gcc/arm-none-eabi/13.3.1/../../../../arm-none-eabi/lib/thumb/v7e-m+fp/hard\libc_nano.a(libc_a-localeconv.o)
                0x08008f48                _localeconv_r
 .text._close_r
                0x08008f50       0x20 D:/STM32_install/STM32cubeIDE_1.9.0/STM32CubeIDE_1.19.0/STM32CubeIDE/plugins/com.st.stm32cube.ide.mcu.externaltools.gnu-tools-for-stm32.13.3.rel1.win32_1.0.0.202411081344/tools/bin/../lib/gcc/arm-none-eabi/13.3.1/../../../../arm-none-eabi/lib/thumb/v7e-m+fp/hard\libc_nano.a(libc_a-closer.o)
                0x08008f50                _close_r
 .text._lseek_r
                0x08008f70       0x24 D:/STM32_install/STM32cubeIDE_1.9.0/STM32CubeIDE_1.19.0/STM32CubeIDE/plugins/com.st.stm32cube.ide.mcu.externaltools.gnu-tools-for-stm32.13.3.rel1.win32_1.0.0.202411081344/tools/bin/../lib/gcc/arm-none-eabi/13.3.1/../../../../arm-none-eabi/lib/thumb/v7e-m+fp/hard\libc_nano.a(libc_a-lseekr.o)
                0x08008f70                _lseek_r
 .text._read_r  0x08008f94       0x24 D:/STM32_install/STM32cubeIDE_1.9.0/STM32CubeIDE_1.19.0/STM32CubeIDE/plugins/com.st.stm32cube.ide.mcu.externaltools.gnu-tools-for-stm32.13.3.rel1.win32_1.0.0.202411081344/tools/bin/../lib/gcc/arm-none-eabi/13.3.1/../../../../arm-none-eabi/lib/thumb/v7e-m+fp/hard\libc_nano.a(libc_a-readr.o)
                0x08008f94                _read_r
 .text._write_r
                0x08008fb8       0x24 D:/STM32_install/STM32cubeIDE_1.9.0/STM32CubeIDE_1.19.0/STM32CubeIDE/plugins/com.st.stm32cube.ide.mcu.externaltools.gnu-tools-for-stm32.13.3.rel1.win32_1.0.0.202411081344/tools/bin/../lib/gcc/arm-none-eabi/13.3.1/../../../../arm-none-eabi/lib/thumb/v7e-m+fp/hard\libc_nano.a(libc_a-writer.o)
                0x08008fb8                _write_r
 .text.__errno  0x08008fdc        0xc D:/STM32_install/STM32cubeIDE_1.9.0/STM32CubeIDE_1.19.0/STM32CubeIDE/plugins/com.st.stm32cube.ide.mcu.externaltools.gnu-tools-for-stm32.13.3.rel1.win32_1.0.0.202411081344/tools/bin/../lib/gcc/arm-none-eabi/13.3.1/../../../../arm-none-eabi/lib/thumb/v7e-m+fp/hard\libc_nano.a(libc_a-errno.o)
                0x08008fdc                __errno
 .text.__libc_init_array
                0x08008fe8       0x48 D:/STM32_install/STM32cubeIDE_1.9.0/STM32CubeIDE_1.19.0/STM32CubeIDE/plugins/com.st.stm32cube.ide.mcu.externaltools.gnu-tools-for-stm32.13.3.rel1.win32_1.0.0.202411081344/tools/bin/../lib/gcc/arm-none-eabi/13.3.1/../../../../arm-none-eabi/lib/thumb/v7e-m+fp/hard\libc_nano.a(libc_a-init.o)
                0x08008fe8                __libc_init_array
 .text.__retarget_lock_init_recursive
                0x08009030        0x2 D:/STM32_install/STM32cubeIDE_1.9.0/STM32CubeIDE_1.19.0/STM32CubeIDE/plugins/com.st.stm32cube.ide.mcu.externaltools.gnu-tools-for-stm32.13.3.rel1.win32_1.0.0.202411081344/tools/bin/../lib/gcc/arm-none-eabi/13.3.1/../../../../arm-none-eabi/lib/thumb/v7e-m+fp/hard\libc_nano.a(libc_a-lock.o)
                0x08009030                __retarget_lock_init_recursive
 .text.__retarget_lock_acquire_recursive
                0x08009032        0x2 D:/STM32_install/STM32cubeIDE_1.9.0/STM32CubeIDE_1.19.0/STM32CubeIDE/plugins/com.st.stm32cube.ide.mcu.externaltools.gnu-tools-for-stm32.13.3.rel1.win32_1.0.0.202411081344/tools/bin/../lib/gcc/arm-none-eabi/13.3.1/../../../../arm-none-eabi/lib/thumb/v7e-m+fp/hard\libc_nano.a(libc_a-lock.o)
                0x08009032                __retarget_lock_acquire_recursive
 .text.__retarget_lock_release_recursive
                0x08009034        0x2 D:/STM32_install/STM32cubeIDE_1.9.0/STM32CubeIDE_1.19.0/STM32CubeIDE/plugins/com.st.stm32cube.ide.mcu.externaltools.gnu-tools-for-stm32.13.3.rel1.win32_1.0.0.202411081344/tools/bin/../lib/gcc/arm-none-eabi/13.3.1/../../../../arm-none-eabi/lib/thumb/v7e-m+fp/hard\libc_nano.a(libc_a-lock.o)
                0x08009034                __retarget_lock_release_recursive
 .text.memcpy   0x08009036       0x1c D:/STM32_install/STM32cubeIDE_1.9.0/STM32CubeIDE_1.19.0/STM32CubeIDE/plugins/com.st.stm32cube.ide.mcu.externaltools.gnu-tools-for-stm32.13.3.rel1.win32_1.0.0.202411081344/tools/bin/../lib/gcc/arm-none-eabi/13.3.1/../../../../arm-none-eabi/lib/thumb/v7e-m+fp/hard\libc_nano.a(libc_a-memcpy-stub.o)
                0x08009036                memcpy
 .text.quorem   0x08009052      0x110 D:/STM32_install/STM32cubeIDE_1.9.0/STM32CubeIDE_1.19.0/STM32CubeIDE/plugins/com.st.stm32cube.ide.mcu.externaltools.gnu-tools-for-stm32.13.3.rel1.win32_1.0.0.202411081344/tools/bin/../lib/gcc/arm-none-eabi/13.3.1/../../../../arm-none-eabi/lib/thumb/v7e-m+fp/hard\libc_nano.a(libc_a-dtoa.o)
 *fill*         0x08009162        0x6 
 .text._dtoa_r  0x08009168      0xba0 D:/STM32_install/STM32cubeIDE_1.9.0/STM32CubeIDE_1.19.0/STM32CubeIDE/plugins/com.st.stm32cube.ide.mcu.externaltools.gnu-tools-for-stm32.13.3.rel1.win32_1.0.0.202411081344/tools/bin/../lib/gcc/arm-none-eabi/13.3.1/../../../../arm-none-eabi/lib/thumb/v7e-m+fp/hard\libc_nano.a(libc_a-dtoa.o)
                0x08009168                _dtoa_r
 .text._free_r  0x08009d08       0x94 D:/STM32_install/STM32cubeIDE_1.9.0/STM32CubeIDE_1.19.0/STM32CubeIDE/plugins/com.st.stm32cube.ide.mcu.externaltools.gnu-tools-for-stm32.13.3.rel1.win32_1.0.0.202411081344/tools/bin/../lib/gcc/arm-none-eabi/13.3.1/../../../../arm-none-eabi/lib/thumb/v7e-m+fp/hard\libc_nano.a(libc_a-freer.o)
                0x08009d08                _free_r
 .text.malloc   0x08009d9c       0x10 D:/STM32_install/STM32cubeIDE_1.9.0/STM32CubeIDE_1.19.0/STM32CubeIDE/plugins/com.st.stm32cube.ide.mcu.externaltools.gnu-tools-for-stm32.13.3.rel1.win32_1.0.0.202411081344/tools/bin/../lib/gcc/arm-none-eabi/13.3.1/../../../../arm-none-eabi/lib/thumb/v7e-m+fp/hard\libc_nano.a(libc_a-malloc.o)
                0x08009d9c                malloc
 .text.sbrk_aligned
                0x08009dac       0x44 D:/STM32_install/STM32cubeIDE_1.9.0/STM32CubeIDE_1.19.0/STM32CubeIDE/plugins/com.st.stm32cube.ide.mcu.externaltools.gnu-tools-for-stm32.13.3.rel1.win32_1.0.0.202411081344/tools/bin/../lib/gcc/arm-none-eabi/13.3.1/../../../../arm-none-eabi/lib/thumb/v7e-m+fp/hard\libc_nano.a(libc_a-mallocr.o)
 .text._malloc_r
                0x08009df0      0x100 D:/STM32_install/STM32cubeIDE_1.9.0/STM32CubeIDE_1.19.0/STM32CubeIDE/plugins/com.st.stm32cube.ide.mcu.externaltools.gnu-tools-for-stm32.13.3.rel1.win32_1.0.0.202411081344/tools/bin/../lib/gcc/arm-none-eabi/13.3.1/../../../../arm-none-eabi/lib/thumb/v7e-m+fp/hard\libc_nano.a(libc_a-mallocr.o)
                0x08009df0                _malloc_r
 .text.__malloc_lock
                0x08009ef0        0xc D:/STM32_install/STM32cubeIDE_1.9.0/STM32CubeIDE_1.19.0/STM32CubeIDE/plugins/com.st.stm32cube.ide.mcu.externaltools.gnu-tools-for-stm32.13.3.rel1.win32_1.0.0.202411081344/tools/bin/../lib/gcc/arm-none-eabi/13.3.1/../../../../arm-none-eabi/lib/thumb/v7e-m+fp/hard\libc_nano.a(libc_a-mlock.o)
                0x08009ef0                __malloc_lock
 .text.__malloc_unlock
                0x08009efc        0xc D:/STM32_install/STM32cubeIDE_1.9.0/STM32CubeIDE_1.19.0/STM32CubeIDE/plugins/com.st.stm32cube.ide.mcu.externaltools.gnu-tools-for-stm32.13.3.rel1.win32_1.0.0.202411081344/tools/bin/../lib/gcc/arm-none-eabi/13.3.1/../../../../arm-none-eabi/lib/thumb/v7e-m+fp/hard\libc_nano.a(libc_a-mlock.o)
                0x08009efc                __malloc_unlock
 .text._Balloc  0x08009f08       0x80 D:/STM32_install/STM32cubeIDE_1.9.0/STM32CubeIDE_1.19.0/STM32CubeIDE/plugins/com.st.stm32cube.ide.mcu.externaltools.gnu-tools-for-stm32.13.3.rel1.win32_1.0.0.202411081344/tools/bin/../lib/gcc/arm-none-eabi/13.3.1/../../../../arm-none-eabi/lib/thumb/v7e-m+fp/hard\libc_nano.a(libc_a-mprec.o)
                0x08009f08                _Balloc
 .text._Bfree   0x08009f88       0x44 D:/STM32_install/STM32cubeIDE_1.9.0/STM32CubeIDE_1.19.0/STM32CubeIDE/plugins/com.st.stm32cube.ide.mcu.externaltools.gnu-tools-for-stm32.13.3.rel1.win32_1.0.0.202411081344/tools/bin/../lib/gcc/arm-none-eabi/13.3.1/../../../../arm-none-eabi/lib/thumb/v7e-m+fp/hard\libc_nano.a(libc_a-mprec.o)
                0x08009f88                _Bfree
 .text.__multadd
                0x08009fcc       0x8c D:/STM32_install/STM32cubeIDE_1.9.0/STM32CubeIDE_1.19.0/STM32CubeIDE/plugins/com.st.stm32cube.ide.mcu.externaltools.gnu-tools-for-stm32.13.3.rel1.win32_1.0.0.202411081344/tools/bin/../lib/gcc/arm-none-eabi/13.3.1/../../../../arm-none-eabi/lib/thumb/v7e-m+fp/hard\libc_nano.a(libc_a-mprec.o)
                0x08009fcc                __multadd
 .text.__hi0bits
                0x0800a058       0x3e D:/STM32_install/STM32cubeIDE_1.9.0/STM32CubeIDE_1.19.0/STM32CubeIDE/plugins/com.st.stm32cube.ide.mcu.externaltools.gnu-tools-for-stm32.13.3.rel1.win32_1.0.0.202411081344/tools/bin/../lib/gcc/arm-none-eabi/13.3.1/../../../../arm-none-eabi/lib/thumb/v7e-m+fp/hard\libc_nano.a(libc_a-mprec.o)
                0x0800a058                __hi0bits
 .text.__lo0bits
                0x0800a096       0x5a D:/STM32_install/STM32cubeIDE_1.9.0/STM32CubeIDE_1.19.0/STM32CubeIDE/plugins/com.st.stm32cube.ide.mcu.externaltools.gnu-tools-for-stm32.13.3.rel1.win32_1.0.0.202411081344/tools/bin/../lib/gcc/arm-none-eabi/13.3.1/../../../../arm-none-eabi/lib/thumb/v7e-m+fp/hard\libc_nano.a(libc_a-mprec.o)
                0x0800a096                __lo0bits
 .text.__i2b    0x0800a0f0       0x2c D:/STM32_install/STM32cubeIDE_1.9.0/STM32CubeIDE_1.19.0/STM32CubeIDE/plugins/com.st.stm32cube.ide.mcu.externaltools.gnu-tools-for-stm32.13.3.rel1.win32_1.0.0.202411081344/tools/bin/../lib/gcc/arm-none-eabi/13.3.1/../../../../arm-none-eabi/lib/thumb/v7e-m+fp/hard\libc_nano.a(libc_a-mprec.o)
                0x0800a0f0                __i2b
 .text.__multiply
                0x0800a11c      0x144 D:/STM32_install/STM32cubeIDE_1.9.0/STM32CubeIDE_1.19.0/STM32CubeIDE/plugins/com.st.stm32cube.ide.mcu.externaltools.gnu-tools-for-stm32.13.3.rel1.win32_1.0.0.202411081344/tools/bin/../lib/gcc/arm-none-eabi/13.3.1/../../../../arm-none-eabi/lib/thumb/v7e-m+fp/hard\libc_nano.a(libc_a-mprec.o)
                0x0800a11c                __multiply
 .text.__pow5mult
                0x0800a260       0xb4 D:/STM32_install/STM32cubeIDE_1.9.0/STM32CubeIDE_1.19.0/STM32CubeIDE/plugins/com.st.stm32cube.ide.mcu.externaltools.gnu-tools-for-stm32.13.3.rel1.win32_1.0.0.202411081344/tools/bin/../lib/gcc/arm-none-eabi/13.3.1/../../../../arm-none-eabi/lib/thumb/v7e-m+fp/hard\libc_nano.a(libc_a-mprec.o)
                0x0800a260                __pow5mult
 .text.__lshift
                0x0800a314       0xd8 D:/STM32_install/STM32cubeIDE_1.9.0/STM32CubeIDE_1.19.0/STM32CubeIDE/plugins/com.st.stm32cube.ide.mcu.externaltools.gnu-tools-for-stm32.13.3.rel1.win32_1.0.0.202411081344/tools/bin/../lib/gcc/arm-none-eabi/13.3.1/../../../../arm-none-eabi/lib/thumb/v7e-m+fp/hard\libc_nano.a(libc_a-mprec.o)
                0x0800a314                __lshift
 .text.__mcmp   0x0800a3ec       0x36 D:/STM32_install/STM32cubeIDE_1.9.0/STM32CubeIDE_1.19.0/STM32CubeIDE/plugins/com.st.stm32cube.ide.mcu.externaltools.gnu-tools-for-stm32.13.3.rel1.win32_1.0.0.202411081344/tools/bin/../lib/gcc/arm-none-eabi/13.3.1/../../../../arm-none-eabi/lib/thumb/v7e-m+fp/hard\libc_nano.a(libc_a-mprec.o)
                0x0800a3ec                __mcmp
 *fill*         0x0800a422        0x2 
 .text.__mdiff  0x0800a424      0x128 D:/STM32_install/STM32cubeIDE_1.9.0/STM32CubeIDE_1.19.0/STM32CubeIDE/plugins/com.st.stm32cube.ide.mcu.externaltools.gnu-tools-for-stm32.13.3.rel1.win32_1.0.0.202411081344/tools/bin/../lib/gcc/arm-none-eabi/13.3.1/../../../../arm-none-eabi/lib/thumb/v7e-m+fp/hard\libc_nano.a(libc_a-mprec.o)
                0x0800a424                __mdiff
 .text.__d2b    0x0800a54c       0xb0 D:/STM32_install/STM32cubeIDE_1.9.0/STM32CubeIDE_1.19.0/STM32CubeIDE/plugins/com.st.stm32cube.ide.mcu.externaltools.gnu-tools-for-stm32.13.3.rel1.win32_1.0.0.202411081344/tools/bin/../lib/gcc/arm-none-eabi/13.3.1/../../../../arm-none-eabi/lib/thumb/v7e-m+fp/hard\libc_nano.a(libc_a-mprec.o)
                0x0800a54c                __d2b
 .text.__ssputs_r
                0x0800a5fc       0xb6 D:/STM32_install/STM32cubeIDE_1.9.0/STM32CubeIDE_1.19.0/STM32CubeIDE/plugins/com.st.stm32cube.ide.mcu.externaltools.gnu-tools-for-stm32.13.3.rel1.win32_1.0.0.202411081344/tools/bin/../lib/gcc/arm-none-eabi/13.3.1/../../../../arm-none-eabi/lib/thumb/v7e-m+fp/hard\libc_nano.a(libc_a-nano-svfprintf.o)
                0x0800a5fc                __ssputs_r
 *fill*         0x0800a6b2        0x2 
 .text._svfprintf_r
                0x0800a6b4      0x1f8 D:/STM32_install/STM32cubeIDE_1.9.0/STM32CubeIDE_1.19.0/STM32CubeIDE/plugins/com.st.stm32cube.ide.mcu.externaltools.gnu-tools-for-stm32.13.3.rel1.win32_1.0.0.202411081344/tools/bin/../lib/gcc/arm-none-eabi/13.3.1/../../../../arm-none-eabi/lib/thumb/v7e-m+fp/hard\libc_nano.a(libc_a-nano-svfprintf.o)
                0x0800a6b4                _svfiprintf_r
                0x0800a6b4                _svfprintf_r
 .text.__sflush_r
                0x0800a8ac      0x108 D:/STM32_install/STM32cubeIDE_1.9.0/STM32CubeIDE_1.19.0/STM32CubeIDE/plugins/com.st.stm32cube.ide.mcu.externaltools.gnu-tools-for-stm32.13.3.rel1.win32_1.0.0.202411081344/tools/bin/../lib/gcc/arm-none-eabi/13.3.1/../../../../arm-none-eabi/lib/thumb/v7e-m+fp/hard\libc_nano.a(libc_a-fflush.o)
                0x0800a8ac                __sflush_r
 .text._fflush_r
                0x0800a9b4       0x50 D:/STM32_install/STM32cubeIDE_1.9.0/STM32CubeIDE_1.19.0/STM32CubeIDE/plugins/com.st.stm32cube.ide.mcu.externaltools.gnu-tools-for-stm32.13.3.rel1.win32_1.0.0.202411081344/tools/bin/../lib/gcc/arm-none-eabi/13.3.1/../../../../arm-none-eabi/lib/thumb/v7e-m+fp/hard\libc_nano.a(libc_a-fflush.o)
                0x0800a9b4                _fflush_r
 .text.memmove  0x0800aa04       0x34 D:/STM32_install/STM32cubeIDE_1.9.0/STM32CubeIDE_1.19.0/STM32CubeIDE/plugins/com.st.stm32cube.ide.mcu.externaltools.gnu-tools-for-stm32.13.3.rel1.win32_1.0.0.202411081344/tools/bin/../lib/gcc/arm-none-eabi/13.3.1/../../../../arm-none-eabi/lib/thumb/v7e-m+fp/hard\libc_nano.a(libc_a-memmove.o)
                0x0800aa04                memmove
 .text._sbrk_r  0x0800aa38       0x20 D:/STM32_install/STM32cubeIDE_1.9.0/STM32CubeIDE_1.19.0/STM32CubeIDE/plugins/com.st.stm32cube.ide.mcu.externaltools.gnu-tools-for-stm32.13.3.rel1.win32_1.0.0.202411081344/tools/bin/../lib/gcc/arm-none-eabi/13.3.1/../../../../arm-none-eabi/lib/thumb/v7e-m+fp/hard\libc_nano.a(libc_a-sbrkr.o)
                0x0800aa38                _sbrk_r
 .text.__assert_func
                0x0800aa58       0x3c D:/STM32_install/STM32cubeIDE_1.9.0/STM32CubeIDE_1.19.0/STM32CubeIDE/plugins/com.st.stm32cube.ide.mcu.externaltools.gnu-tools-for-stm32.13.3.rel1.win32_1.0.0.202411081344/tools/bin/../lib/gcc/arm-none-eabi/13.3.1/../../../../arm-none-eabi/lib/thumb/v7e-m+fp/hard\libc_nano.a(libc_a-assert.o)
                0x0800aa58                __assert_func
 .text._calloc_r
                0x0800aa94       0x28 D:/STM32_install/STM32cubeIDE_1.9.0/STM32CubeIDE_1.19.0/STM32CubeIDE/plugins/com.st.stm32cube.ide.mcu.externaltools.gnu-tools-for-stm32.13.3.rel1.win32_1.0.0.202411081344/tools/bin/../lib/gcc/arm-none-eabi/13.3.1/../../../../arm-none-eabi/lib/thumb/v7e-m+fp/hard\libc_nano.a(libc_a-callocr.o)
                0x0800aa94                _calloc_r
 .text.__ascii_mbtowc
                0x0800aabc       0x24 D:/STM32_install/STM32cubeIDE_1.9.0/STM32CubeIDE_1.19.0/STM32CubeIDE/plugins/com.st.stm32cube.ide.mcu.externaltools.gnu-tools-for-stm32.13.3.rel1.win32_1.0.0.202411081344/tools/bin/../lib/gcc/arm-none-eabi/13.3.1/../../../../arm-none-eabi/lib/thumb/v7e-m+fp/hard\libc_nano.a(libc_a-mbtowc_r.o)
                0x0800aabc                __ascii_mbtowc
 .text._realloc_r
                0x0800aae0       0x5c D:/STM32_install/STM32cubeIDE_1.9.0/STM32CubeIDE_1.19.0/STM32CubeIDE/plugins/com.st.stm32cube.ide.mcu.externaltools.gnu-tools-for-stm32.13.3.rel1.win32_1.0.0.202411081344/tools/bin/../lib/gcc/arm-none-eabi/13.3.1/../../../../arm-none-eabi/lib/thumb/v7e-m+fp/hard\libc_nano.a(libc_a-reallocr.o)
                0x0800aae0                _realloc_r
 .text.__ascii_wctomb
                0x0800ab3c       0x1a D:/STM32_install/STM32cubeIDE_1.9.0/STM32CubeIDE_1.19.0/STM32CubeIDE/plugins/com.st.stm32cube.ide.mcu.externaltools.gnu-tools-for-stm32.13.3.rel1.win32_1.0.0.202411081344/tools/bin/../lib/gcc/arm-none-eabi/13.3.1/../../../../arm-none-eabi/lib/thumb/v7e-m+fp/hard\libc_nano.a(libc_a-wctomb_r.o)
                0x0800ab3c                __ascii_wctomb
 *fill*         0x0800ab56        0x2 
 .text.fprintf  0x0800ab58       0x24 D:/STM32_install/STM32cubeIDE_1.9.0/STM32CubeIDE_1.19.0/STM32CubeIDE/plugins/com.st.stm32cube.ide.mcu.externaltools.gnu-tools-for-stm32.13.3.rel1.win32_1.0.0.202411081344/tools/bin/../lib/gcc/arm-none-eabi/13.3.1/../../../../arm-none-eabi/lib/thumb/v7e-m+fp/hard\libc_nano.a(libc_a-fprintf.o)
                0x0800ab58                fiprintf
                0x0800ab58                fprintf
 .text.abort    0x0800ab7c        0xe D:/STM32_install/STM32cubeIDE_1.9.0/STM32CubeIDE_1.19.0/STM32CubeIDE/plugins/com.st.stm32cube.ide.mcu.externaltools.gnu-tools-for-stm32.13.3.rel1.win32_1.0.0.202411081344/tools/bin/../lib/gcc/arm-none-eabi/13.3.1/../../../../arm-none-eabi/lib/thumb/v7e-m+fp/hard\libc_nano.a(libc_a-abort.o)
                0x0800ab7c                abort
 .text._malloc_usable_size_r
                0x0800ab8a       0x10 D:/STM32_install/STM32cubeIDE_1.9.0/STM32CubeIDE_1.19.0/STM32CubeIDE/plugins/com.st.stm32cube.ide.mcu.externaltools.gnu-tools-for-stm32.13.3.rel1.win32_1.0.0.202411081344/tools/bin/../lib/gcc/arm-none-eabi/13.3.1/../../../../arm-none-eabi/lib/thumb/v7e-m+fp/hard\libc_nano.a(libc_a-msizer.o)
                0x0800ab8a                _malloc_usable_size_r
 .text.__sfputc_r
                0x0800ab9a       0x2e D:/STM32_install/STM32cubeIDE_1.9.0/STM32CubeIDE_1.19.0/STM32CubeIDE/plugins/com.st.stm32cube.ide.mcu.externaltools.gnu-tools-for-stm32.13.3.rel1.win32_1.0.0.202411081344/tools/bin/../lib/gcc/arm-none-eabi/13.3.1/../../../../arm-none-eabi/lib/thumb/v7e-m+fp/hard\libc_nano.a(libc_a-nano-vfprintf.o)
 .text.__sfputs_r
                0x0800abc8       0x24 D:/STM32_install/STM32cubeIDE_1.9.0/STM32CubeIDE_1.19.0/STM32CubeIDE/plugins/com.st.stm32cube.ide.mcu.externaltools.gnu-tools-for-stm32.13.3.rel1.win32_1.0.0.202411081344/tools/bin/../lib/gcc/arm-none-eabi/13.3.1/../../../../arm-none-eabi/lib/thumb/v7e-m+fp/hard\libc_nano.a(libc_a-nano-vfprintf.o)
                0x0800abc8                __sfputs_r
 .text._vfprintf_r
                0x0800abec      0x230 D:/STM32_install/STM32cubeIDE_1.9.0/STM32CubeIDE_1.19.0/STM32CubeIDE/plugins/com.st.stm32cube.ide.mcu.externaltools.gnu-tools-for-stm32.13.3.rel1.win32_1.0.0.202411081344/tools/bin/../lib/gcc/arm-none-eabi/13.3.1/../../../../arm-none-eabi/lib/thumb/v7e-m+fp/hard\libc_nano.a(libc_a-nano-vfprintf.o)
                0x0800abec                _vfprintf_r
                0x0800abec                _vfiprintf_r
 .text.__swbuf_r
                0x0800ae1c       0x7c D:/STM32_install/STM32cubeIDE_1.9.0/STM32CubeIDE_1.19.0/STM32CubeIDE/plugins/com.st.stm32cube.ide.mcu.externaltools.gnu-tools-for-stm32.13.3.rel1.win32_1.0.0.202411081344/tools/bin/../lib/gcc/arm-none-eabi/13.3.1/../../../../arm-none-eabi/lib/thumb/v7e-m+fp/hard\libc_nano.a(libc_a-wbuf.o)
                0x0800ae1c                __swbuf_r
 .text.__swsetup_r
                0x0800ae98       0xac D:/STM32_install/STM32cubeIDE_1.9.0/STM32CubeIDE_1.19.0/STM32CubeIDE/plugins/com.st.stm32cube.ide.mcu.externaltools.gnu-tools-for-stm32.13.3.rel1.win32_1.0.0.202411081344/tools/bin/../lib/gcc/arm-none-eabi/13.3.1/../../../../arm-none-eabi/lib/thumb/v7e-m+fp/hard\libc_nano.a(libc_a-wsetup.o)
                0x0800ae98                __swsetup_r
 .text._raise_r
                0x0800af44       0x50 D:/STM32_install/STM32cubeIDE_1.9.0/STM32CubeIDE_1.19.0/STM32CubeIDE/plugins/com.st.stm32cube.ide.mcu.externaltools.gnu-tools-for-stm32.13.3.rel1.win32_1.0.0.202411081344/tools/bin/../lib/gcc/arm-none-eabi/13.3.1/../../../../arm-none-eabi/lib/thumb/v7e-m+fp/hard\libc_nano.a(libc_a-signal.o)
                0x0800af44                _raise_r
 .text.raise    0x0800af94       0x10 D:/STM32_install/STM32cubeIDE_1.9.0/STM32CubeIDE_1.19.0/STM32CubeIDE/plugins/com.st.stm32cube.ide.mcu.externaltools.gnu-tools-for-stm32.13.3.rel1.win32_1.0.0.202411081344/tools/bin/../lib/gcc/arm-none-eabi/13.3.1/../../../../arm-none-eabi/lib/thumb/v7e-m+fp/hard\libc_nano.a(libc_a-signal.o)
                0x0800af94                raise
 .text._kill_r  0x0800afa4       0x24 D:/STM32_install/STM32cubeIDE_1.9.0/STM32CubeIDE_1.19.0/STM32CubeIDE/plugins/com.st.stm32cube.ide.mcu.externaltools.gnu-tools-for-stm32.13.3.rel1.win32_1.0.0.202411081344/tools/bin/../lib/gcc/arm-none-eabi/13.3.1/../../../../arm-none-eabi/lib/thumb/v7e-m+fp/hard\libc_nano.a(libc_a-signalr.o)
                0x0800afa4                _kill_r
 .text._getpid_r
                0x0800afc8        0x4 D:/STM32_install/STM32cubeIDE_1.9.0/STM32CubeIDE_1.19.0/STM32CubeIDE/plugins/com.st.stm32cube.ide.mcu.externaltools.gnu-tools-for-stm32.13.3.rel1.win32_1.0.0.202411081344/tools/bin/../lib/gcc/arm-none-eabi/13.3.1/../../../../arm-none-eabi/lib/thumb/v7e-m+fp/hard\libc_nano.a(libc_a-signalr.o)
                0x0800afc8                _getpid_r
 .text.__swhatbuf_r
                0x0800afcc       0x4c D:/STM32_install/STM32cubeIDE_1.9.0/STM32CubeIDE_1.19.0/STM32CubeIDE/plugins/com.st.stm32cube.ide.mcu.externaltools.gnu-tools-for-stm32.13.3.rel1.win32_1.0.0.202411081344/tools/bin/../lib/gcc/arm-none-eabi/13.3.1/../../../../arm-none-eabi/lib/thumb/v7e-m+fp/hard\libc_nano.a(libc_a-makebuf.o)
                0x0800afcc                __swhatbuf_r
 .text.__smakebuf_r
                0x0800b018       0x78 D:/STM32_install/STM32cubeIDE_1.9.0/STM32CubeIDE_1.19.0/STM32CubeIDE/plugins/com.st.stm32cube.ide.mcu.externaltools.gnu-tools-for-stm32.13.3.rel1.win32_1.0.0.202411081344/tools/bin/../lib/gcc/arm-none-eabi/13.3.1/../../../../arm-none-eabi/lib/thumb/v7e-m+fp/hard\libc_nano.a(libc_a-makebuf.o)
                0x0800b018                __smakebuf_r
 .text._fstat_r
                0x0800b090       0x24 D:/STM32_install/STM32cubeIDE_1.9.0/STM32CubeIDE_1.19.0/STM32CubeIDE/plugins/com.st.stm32cube.ide.mcu.externaltools.gnu-tools-for-stm32.13.3.rel1.win32_1.0.0.202411081344/tools/bin/../lib/gcc/arm-none-eabi/13.3.1/../../../../arm-none-eabi/lib/thumb/v7e-m+fp/hard\libc_nano.a(libc_a-fstatr.o)
                0x0800b090                _fstat_r
 .text._isatty_r
                0x0800b0b4       0x20 D:/STM32_install/STM32cubeIDE_1.9.0/STM32CubeIDE_1.19.0/STM32CubeIDE/plugins/com.st.stm32cube.ide.mcu.externaltools.gnu-tools-for-stm32.13.3.rel1.win32_1.0.0.202411081344/tools/bin/../lib/gcc/arm-none-eabi/13.3.1/../../../../arm-none-eabi/lib/thumb/v7e-m+fp/hard\libc_nano.a(libc_a-isattyr.o)
                0x0800b0b4                _isatty_r
 *(.glue_7)
 .glue_7        0x0800b0d4        0x0 linker stubs
 *(.glue_7t)
 .glue_7t       0x0800b0d4        0x0 linker stubs
 *(.eh_frame)
 .eh_frame      0x0800b0d4        0x0 D:/STM32_install/STM32cubeIDE_1.9.0/STM32CubeIDE_1.19.0/STM32CubeIDE/plugins/com.st.stm32cube.ide.mcu.externaltools.gnu-tools-for-stm32.13.3.rel1.win32_1.0.0.202411081344/tools/bin/../lib/gcc/arm-none-eabi/13.3.1/thumb/v7e-m+fp/hard/crtbegin.o
 *(.init)
 .init          0x0800b0d4        0x4 D:/STM32_install/STM32cubeIDE_1.9.0/STM32CubeIDE_1.19.0/STM32CubeIDE/plugins/com.st.stm32cube.ide.mcu.externaltools.gnu-tools-for-stm32.13.3.rel1.win32_1.0.0.202411081344/tools/bin/../lib/gcc/arm-none-eabi/13.3.1/thumb/v7e-m+fp/hard/crti.o
                0x0800b0d4                _init
 .init          0x0800b0d8        0x8 D:/STM32_install/STM32cubeIDE_1.9.0/STM32CubeIDE_1.19.0/STM32CubeIDE/plugins/com.st.stm32cube.ide.mcu.externaltools.gnu-tools-for-stm32.13.3.rel1.win32_1.0.0.202411081344/tools/bin/../lib/gcc/arm-none-eabi/13.3.1/thumb/v7e-m+fp/hard/crtn.o
 *(.fini)
 .fini          0x0800b0e0        0x4 D:/STM32_install/STM32cubeIDE_1.9.0/STM32CubeIDE_1.19.0/STM32CubeIDE/plugins/com.st.stm32cube.ide.mcu.externaltools.gnu-tools-for-stm32.13.3.rel1.win32_1.0.0.202411081344/tools/bin/../lib/gcc/arm-none-eabi/13.3.1/thumb/v7e-m+fp/hard/crti.o
                0x0800b0e0                _fini
 .fini          0x0800b0e4        0x8 D:/STM32_install/STM32cubeIDE_1.9.0/STM32CubeIDE_1.19.0/STM32CubeIDE/plugins/com.st.stm32cube.ide.mcu.externaltools.gnu-tools-for-stm32.13.3.rel1.win32_1.0.0.202411081344/tools/bin/../lib/gcc/arm-none-eabi/13.3.1/thumb/v7e-m+fp/hard/crtn.o
                0x0800b0ec                        . = ALIGN (0x4)
                0x0800b0ec                        _etext = .

.vfp11_veneer   0x0800b0ec        0x0
 .vfp11_veneer  0x0800b0ec        0x0 linker stubs

.v4_bx          0x0800b0ec        0x0
 .v4_bx         0x0800b0ec        0x0 linker stubs

.iplt           0x0800b0ec        0x0
 .iplt          0x0800b0ec        0x0 D:/STM32_install/STM32cubeIDE_1.9.0/STM32CubeIDE_1.19.0/STM32CubeIDE/plugins/com.st.stm32cube.ide.mcu.externaltools.gnu-tools-for-stm32.13.3.rel1.win32_1.0.0.202411081344/tools/bin/../lib/gcc/arm-none-eabi/13.3.1/thumb/v7e-m+fp/hard/crtbegin.o

.rodata         0x0800b0f0     0x3914
                0x0800b0f0                        . = ALIGN (0x4)
 *(.rodata)
 .rodata        0x0800b0f0       0x59 ./Core/Src/main.o
 *fill*         0x0800b149        0x3 
 .rodata        0x0800b14c      0x105 ./Core/Src/pb_encode.o
 *(.rodata*)
 *fill*         0x0800b251        0x3 
 .rodata.ascii_1206
                0x0800b254      0x474 ./Core/Src/lcd.o
                0x0800b254                ascii_1206
 .rodata.ascii_1608
                0x0800b6c8      0x5f0 ./Core/Src/lcd.o
                0x0800b6c8                ascii_1608
 .rodata.ascii_2412
                0x0800bcb8     0x11d0 ./Core/Src/lcd.o
                0x0800bcb8                ascii_2412
 .rodata.ascii_3216
                0x0800ce88     0x17c0 ./Core/Src/lcd.o
                0x0800ce88                ascii_3216
 .rodata.SensorData_field_info
                0x0800e648       0x10 ./Core/Src/sensor.pb.o
                0x0800e648                SensorData_field_info
 .rodata.SensorData_submsg_info
                0x0800e658        0x4 ./Core/Src/sensor.pb.o
                0x0800e658                SensorData_submsg_info
 .rodata.SensorData_msg
                0x0800e65c       0x18 ./Core/Src/sensor.pb.o
                0x0800e65c                SensorData_msg
 .rodata.AHBPrescTable
                0x0800e674       0x10 ./Core/Src/system_stm32f4xx.o
                0x0800e674                AHBPrescTable
 .rodata.APBPrescTable
                0x0800e684        0x8 ./Core/Src/system_stm32f4xx.o
                0x0800e684                APBPrescTable
 .rodata._printf_float.str1.1
                0x0800e68c      0x171 D:/STM32_install/STM32cubeIDE_1.9.0/STM32CubeIDE_1.19.0/STM32CubeIDE/plugins/com.st.stm32cube.ide.mcu.externaltools.gnu-tools-for-stm32.13.3.rel1.win32_1.0.0.202411081344/tools/bin/../lib/gcc/arm-none-eabi/13.3.1/../../../../arm-none-eabi/lib/thumb/v7e-m+fp/hard\libc_nano.a(libc_a-nano-vfprintf_float.o)
                                 0x12 (size before relaxing)
 .rodata._printf_i.str1.1
                0x0800e7fd       0x22 D:/STM32_install/STM32cubeIDE_1.9.0/STM32CubeIDE_1.19.0/STM32CubeIDE/plugins/com.st.stm32cube.ide.mcu.externaltools.gnu-tools-for-stm32.13.3.rel1.win32_1.0.0.202411081344/tools/bin/../lib/gcc/arm-none-eabi/13.3.1/../../../../arm-none-eabi/lib/thumb/v7e-m+fp/hard\libc_nano.a(libc_a-nano-vfprintf_i.o)
 .rodata._dtoa_r.str1.1
                0x0800e7fd       0x8f D:/STM32_install/STM32cubeIDE_1.9.0/STM32CubeIDE_1.19.0/STM32CubeIDE/plugins/com.st.stm32cube.ide.mcu.externaltools.gnu-tools-for-stm32.13.3.rel1.win32_1.0.0.202411081344/tools/bin/../lib/gcc/arm-none-eabi/13.3.1/../../../../arm-none-eabi/lib/thumb/v7e-m+fp/hard\libc_nano.a(libc_a-dtoa.o)
 .rodata._Balloc.str1.1
                0x0800e7fd       0x70 D:/STM32_install/STM32cubeIDE_1.9.0/STM32CubeIDE_1.19.0/STM32CubeIDE/plugins/com.st.stm32cube.ide.mcu.externaltools.gnu-tools-for-stm32.13.3.rel1.win32_1.0.0.202411081344/tools/bin/../lib/gcc/arm-none-eabi/13.3.1/../../../../arm-none-eabi/lib/thumb/v7e-m+fp/hard\libc_nano.a(libc_a-mprec.o)
 .rodata.__multadd.str1.1
                0x0800e7fd       0x11 D:/STM32_install/STM32cubeIDE_1.9.0/STM32CubeIDE_1.19.0/STM32CubeIDE/plugins/com.st.stm32cube.ide.mcu.externaltools.gnu-tools-for-stm32.13.3.rel1.win32_1.0.0.202411081344/tools/bin/../lib/gcc/arm-none-eabi/13.3.1/../../../../arm-none-eabi/lib/thumb/v7e-m+fp/hard\libc_nano.a(libc_a-mprec.o)
 *fill*         0x0800e7fd        0x3 
 .rodata.p05.0  0x0800e800        0xc D:/STM32_install/STM32cubeIDE_1.9.0/STM32CubeIDE_1.19.0/STM32CubeIDE/plugins/com.st.stm32cube.ide.mcu.externaltools.gnu-tools-for-stm32.13.3.rel1.win32_1.0.0.202411081344/tools/bin/../lib/gcc/arm-none-eabi/13.3.1/../../../../arm-none-eabi/lib/thumb/v7e-m+fp/hard\libc_nano.a(libc_a-mprec.o)
 *fill*         0x0800e80c        0x4 
 .rodata.__mprec_bigtens
                0x0800e810       0x28 D:/STM32_install/STM32cubeIDE_1.9.0/STM32CubeIDE_1.19.0/STM32CubeIDE/plugins/com.st.stm32cube.ide.mcu.externaltools.gnu-tools-for-stm32.13.3.rel1.win32_1.0.0.202411081344/tools/bin/../lib/gcc/arm-none-eabi/13.3.1/../../../../arm-none-eabi/lib/thumb/v7e-m+fp/hard\libc_nano.a(libc_a-mprec.o)
                0x0800e810                __mprec_bigtens
 .rodata.__mprec_tens
                0x0800e838       0xc8 D:/STM32_install/STM32cubeIDE_1.9.0/STM32CubeIDE_1.19.0/STM32CubeIDE/plugins/com.st.stm32cube.ide.mcu.externaltools.gnu-tools-for-stm32.13.3.rel1.win32_1.0.0.202411081344/tools/bin/../lib/gcc/arm-none-eabi/13.3.1/../../../../arm-none-eabi/lib/thumb/v7e-m+fp/hard\libc_nano.a(libc_a-mprec.o)
                0x0800e838                __mprec_tens
 .rodata._svfprintf_r.str1.1
                0x0800e900       0x11 D:/STM32_install/STM32cubeIDE_1.9.0/STM32CubeIDE_1.19.0/STM32CubeIDE/plugins/com.st.stm32cube.ide.mcu.externaltools.gnu-tools-for-stm32.13.3.rel1.win32_1.0.0.202411081344/tools/bin/../lib/gcc/arm-none-eabi/13.3.1/../../../../arm-none-eabi/lib/thumb/v7e-m+fp/hard\libc_nano.a(libc_a-nano-svfprintf.o)
 .rodata._setlocale_r.str1.1
                0x0800e900        0x9 D:/STM32_install/STM32cubeIDE_1.9.0/STM32CubeIDE_1.19.0/STM32CubeIDE/plugins/com.st.stm32cube.ide.mcu.externaltools.gnu-tools-for-stm32.13.3.rel1.win32_1.0.0.202411081344/tools/bin/../lib/gcc/arm-none-eabi/13.3.1/../../../../arm-none-eabi/lib/thumb/v7e-m+fp/hard\libc_nano.a(libc_a-locale.o)
 .rodata.str1.1
                0x0800e900        0x2 D:/STM32_install/STM32cubeIDE_1.9.0/STM32CubeIDE_1.19.0/STM32CubeIDE/plugins/com.st.stm32cube.ide.mcu.externaltools.gnu-tools-for-stm32.13.3.rel1.win32_1.0.0.202411081344/tools/bin/../lib/gcc/arm-none-eabi/13.3.1/../../../../arm-none-eabi/lib/thumb/v7e-m+fp/hard\libc_nano.a(libc_a-locale.o)
 .rodata.__assert_func.str1.1
                0x0800e900       0x3d D:/STM32_install/STM32cubeIDE_1.9.0/STM32CubeIDE_1.19.0/STM32CubeIDE/plugins/com.st.stm32cube.ide.mcu.externaltools.gnu-tools-for-stm32.13.3.rel1.win32_1.0.0.202411081344/tools/bin/../lib/gcc/arm-none-eabi/13.3.1/../../../../arm-none-eabi/lib/thumb/v7e-m+fp/hard\libc_nano.a(libc_a-assert.o)
 .rodata._ctype_
                0x0800e900      0x101 D:/STM32_install/STM32cubeIDE_1.9.0/STM32CubeIDE_1.19.0/STM32CubeIDE/plugins/com.st.stm32cube.ide.mcu.externaltools.gnu-tools-for-stm32.13.3.rel1.win32_1.0.0.202411081344/tools/bin/../lib/gcc/arm-none-eabi/13.3.1/../../../../arm-none-eabi/lib/thumb/v7e-m+fp/hard\libc_nano.a(libc_a-ctype_.o)
                0x0800e900                _ctype_
 .rodata._vfprintf_r.str1.1
                0x0800ea01       0x11 D:/STM32_install/STM32cubeIDE_1.9.0/STM32CubeIDE_1.19.0/STM32CubeIDE/plugins/com.st.stm32cube.ide.mcu.externaltools.gnu-tools-for-stm32.13.3.rel1.win32_1.0.0.202411081344/tools/bin/../lib/gcc/arm-none-eabi/13.3.1/../../../../arm-none-eabi/lib/thumb/v7e-m+fp/hard\libc_nano.a(libc_a-nano-vfprintf.o)
                0x0800ea14                        . = ALIGN (0x4)
 *fill*         0x0800ea01        0x3 

.ARM.extab      0x0800ea04        0x0
                0x0800ea04                        . = ALIGN (0x4)
 *(.ARM.extab* .gnu.linkonce.armextab.*)
                0x0800ea04                        . = ALIGN (0x4)

.ARM            0x0800ea04        0x8
                0x0800ea04                        . = ALIGN (0x4)
                0x0800ea04                        __exidx_start = .
 *(.ARM.exidx*)
 .ARM.exidx     0x0800ea04        0x8 D:/STM32_install/STM32cubeIDE_1.9.0/STM32CubeIDE_1.19.0/STM32CubeIDE/plugins/com.st.stm32cube.ide.mcu.externaltools.gnu-tools-for-stm32.13.3.rel1.win32_1.0.0.202411081344/tools/bin/../lib/gcc/arm-none-eabi/13.3.1/../../../../arm-none-eabi/lib/thumb/v7e-m+fp/hard\libc_nano.a(libc_a-memchr.o)
 .ARM.exidx     0x0800ea0c        0x0 D:/STM32_install/STM32cubeIDE_1.9.0/STM32CubeIDE_1.19.0/STM32CubeIDE/plugins/com.st.stm32cube.ide.mcu.externaltools.gnu-tools-for-stm32.13.3.rel1.win32_1.0.0.202411081344/tools/bin/../lib/gcc/arm-none-eabi/13.3.1/../../../../arm-none-eabi/lib/thumb/v7e-m+fp/hard\libc_nano.a(libc_a-strlen.o)
                                  0x8 (size before relaxing)
 .ARM.exidx     0x0800ea0c        0x0 D:/STM32_install/STM32cubeIDE_1.9.0/STM32CubeIDE_1.19.0/STM32CubeIDE/plugins/com.st.stm32cube.ide.mcu.externaltools.gnu-tools-for-stm32.13.3.rel1.win32_1.0.0.202411081344/tools/bin/../lib/gcc/arm-none-eabi/13.3.1/thumb/v7e-m+fp/hard\libgcc.a(_udivmoddi4.o)
                                  0x8 (size before relaxing)
                0x0800ea0c                        __exidx_end = .
                0x0800ea0c                        . = ALIGN (0x4)

.preinit_array  0x0800ea0c        0x0
                0x0800ea0c                        . = ALIGN (0x4)
                0x0800ea0c                        PROVIDE (__preinit_array_start = .)
 *(.preinit_array*)
                0x0800ea0c                        PROVIDE (__preinit_array_end = .)
                0x0800ea0c                        . = ALIGN (0x4)

.init_array     0x0800ea0c        0x4
                0x0800ea0c                        . = ALIGN (0x4)
                0x0800ea0c                        PROVIDE (__init_array_start = .)
 *(SORT_BY_NAME(.init_array.*))
 *(.init_array*)
 .init_array    0x0800ea0c        0x4 D:/STM32_install/STM32cubeIDE_1.9.0/STM32CubeIDE_1.19.0/STM32CubeIDE/plugins/com.st.stm32cube.ide.mcu.externaltools.gnu-tools-for-stm32.13.3.rel1.win32_1.0.0.202411081344/tools/bin/../lib/gcc/arm-none-eabi/13.3.1/thumb/v7e-m+fp/hard/crtbegin.o
                0x0800ea10                        PROVIDE (__init_array_end = .)
                0x0800ea10                        . = ALIGN (0x4)

.fini_array     0x0800ea10        0x4
                0x0800ea10                        . = ALIGN (0x4)
                [!provide]                        PROVIDE (__fini_array_start = .)
 *(SORT_BY_NAME(.fini_array.*))
 *(.fini_array*)
 .fini_array    0x0800ea10        0x4 D:/STM32_install/STM32cubeIDE_1.9.0/STM32CubeIDE_1.19.0/STM32CubeIDE/plugins/com.st.stm32cube.ide.mcu.externaltools.gnu-tools-for-stm32.13.3.rel1.win32_1.0.0.202411081344/tools/bin/../lib/gcc/arm-none-eabi/13.3.1/thumb/v7e-m+fp/hard/crtbegin.o
                [!provide]                        PROVIDE (__fini_array_end = .)
                0x0800ea14                        . = ALIGN (0x4)
                0x0800ea14                        _sidata = LOADADDR (.data)

.rel.dyn        0x0800ea14        0x0
 .rel.iplt      0x0800ea14        0x0 D:/STM32_install/STM32cubeIDE_1.9.0/STM32CubeIDE_1.19.0/STM32CubeIDE/plugins/com.st.stm32cube.ide.mcu.externaltools.gnu-tools-for-stm32.13.3.rel1.win32_1.0.0.202411081344/tools/bin/../lib/gcc/arm-none-eabi/13.3.1/thumb/v7e-m+fp/hard/crtbegin.o

.data           0x20000000      0x1d4 load address 0x0800ea14
                0x20000000                        . = ALIGN (0x4)
                0x20000000                        _sdata = .
 *(.data)
 *(.data*)
 .data.SystemCoreClock
                0x20000000        0x4 ./Core/Src/system_stm32f4xx.o
                0x20000000                SystemCoreClock
 .data.uwTickPrio
                0x20000004        0x4 ./Drivers/STM32F4xx_HAL_Driver/Src/stm32f4xx_hal.o
                0x20000004                uwTickPrio
 .data.uwTickFreq
                0x20000008        0x1 ./Drivers/STM32F4xx_HAL_Driver/Src/stm32f4xx_hal.o
                0x20000008                uwTickFreq
 *fill*         0x20000009        0x3 
 .data.__sglue  0x2000000c        0xc D:/STM32_install/STM32cubeIDE_1.9.0/STM32CubeIDE_1.19.0/STM32CubeIDE/plugins/com.st.stm32cube.ide.mcu.externaltools.gnu-tools-for-stm32.13.3.rel1.win32_1.0.0.202411081344/tools/bin/../lib/gcc/arm-none-eabi/13.3.1/../../../../arm-none-eabi/lib/thumb/v7e-m+fp/hard\libc_nano.a(libc_a-findfp.o)
                0x2000000c                __sglue
 .data._impure_ptr
                0x20000018        0x4 D:/STM32_install/STM32cubeIDE_1.9.0/STM32CubeIDE_1.19.0/STM32CubeIDE/plugins/com.st.stm32cube.ide.mcu.externaltools.gnu-tools-for-stm32.13.3.rel1.win32_1.0.0.202411081344/tools/bin/../lib/gcc/arm-none-eabi/13.3.1/../../../../arm-none-eabi/lib/thumb/v7e-m+fp/hard\libc_nano.a(libc_a-impure.o)
                0x20000018                _impure_ptr
 .data._impure_data
                0x2000001c       0x4c D:/STM32_install/STM32cubeIDE_1.9.0/STM32CubeIDE_1.19.0/STM32CubeIDE/plugins/com.st.stm32cube.ide.mcu.externaltools.gnu-tools-for-stm32.13.3.rel1.win32_1.0.0.202411081344/tools/bin/../lib/gcc/arm-none-eabi/13.3.1/../../../../arm-none-eabi/lib/thumb/v7e-m+fp/hard\libc_nano.a(libc_a-impure.o)
                0x2000001c                _impure_data
 .data.__global_locale
                0x20000068      0x16c D:/STM32_install/STM32cubeIDE_1.9.0/STM32CubeIDE_1.19.0/STM32CubeIDE/plugins/com.st.stm32cube.ide.mcu.externaltools.gnu-tools-for-stm32.13.3.rel1.win32_1.0.0.202411081344/tools/bin/../lib/gcc/arm-none-eabi/13.3.1/../../../../arm-none-eabi/lib/thumb/v7e-m+fp/hard\libc_nano.a(libc_a-locale.o)
                0x20000068                __global_locale
 *(.RamFunc)
 *(.RamFunc*)
                0x200001d4                        . = ALIGN (0x4)
                0x200001d4                        _edata = .
                0x0800ebe8                        _siccmram = LOADADDR (.ccmram)

.igot.plt       0x200001d4        0x0 load address 0x0800ebe8
 .igot.plt      0x200001d4        0x0 D:/STM32_install/STM32cubeIDE_1.9.0/STM32CubeIDE_1.19.0/STM32CubeIDE/plugins/com.st.stm32cube.ide.mcu.externaltools.gnu-tools-for-stm32.13.3.rel1.win32_1.0.0.202411081344/tools/bin/../lib/gcc/arm-none-eabi/13.3.1/thumb/v7e-m+fp/hard/crtbegin.o

.ccmram         0x10000000        0x0 load address 0x0800ebe8
                0x10000000                        . = ALIGN (0x4)
                0x10000000                        _sccmram = .
 *(.ccmram)
 *(.ccmram*)
                0x10000000                        . = ALIGN (0x4)
                0x10000000                        _eccmram = .
                0x10000000                        . = ALIGN (0x4)

.bss            0x200001d4      0x350
                0x200001d4                        _sbss = .
                0x200001d4                        __bss_start__ = _sbss
 *(.bss)
 .bss           0x200001d4       0x1c D:/STM32_install/STM32cubeIDE_1.9.0/STM32CubeIDE_1.19.0/STM32CubeIDE/plugins/com.st.stm32cube.ide.mcu.externaltools.gnu-tools-for-stm32.13.3.rel1.win32_1.0.0.202411081344/tools/bin/../lib/gcc/arm-none-eabi/13.3.1/thumb/v7e-m+fp/hard/crtbegin.o
 *(.bss*)
 .bss.hsram1    0x200001f0       0x50 ./Core/Src/fsmc.o
                0x200001f0                hsram1
 .bss.FSMC_Initialized
                0x20000240        0x4 ./Core/Src/fsmc.o
 .bss.hi2c2     0x20000244       0x54 ./Core/Src/i2c.o
                0x20000244                hi2c2
 .bss.lcddev    0x20000298        0x6 ./Core/Src/lcd.o
                0x20000298                lcddev
 *fill*         0x2000029e        0x2 
 .bss.hspi1     0x200002a0       0x58 ./Core/Src/spi.o
                0x200002a0                hspi1
 .bss.__sbrk_heap_end
                0x200002f8        0x4 ./Core/Src/sysmem.o
 .bss.htim2     0x200002fc       0x48 ./Core/Src/tim.o
                0x200002fc                htim2
 .bss.huart3    0x20000344       0x48 ./Core/Src/usart.o
                0x20000344                huart3
 .bss.huart6    0x2000038c       0x48 ./Core/Src/usart.o
                0x2000038c                huart6
 .bss.uwTick    0x200003d4        0x4 ./Drivers/STM32F4xx_HAL_Driver/Src/stm32f4xx_hal.o
                0x200003d4                uwTick
 .bss.__sf      0x200003d8      0x138 D:/STM32_install/STM32cubeIDE_1.9.0/STM32CubeIDE_1.19.0/STM32CubeIDE/plugins/com.st.stm32cube.ide.mcu.externaltools.gnu-tools-for-stm32.13.3.rel1.win32_1.0.0.202411081344/tools/bin/../lib/gcc/arm-none-eabi/13.3.1/../../../../arm-none-eabi/lib/thumb/v7e-m+fp/hard\libc_nano.a(libc_a-findfp.o)
                0x200003d8                __sf
 .bss.__stdio_exit_handler
                0x20000510        0x4 D:/STM32_install/STM32cubeIDE_1.9.0/STM32CubeIDE_1.19.0/STM32CubeIDE/plugins/com.st.stm32cube.ide.mcu.externaltools.gnu-tools-for-stm32.13.3.rel1.win32_1.0.0.202411081344/tools/bin/../lib/gcc/arm-none-eabi/13.3.1/../../../../arm-none-eabi/lib/thumb/v7e-m+fp/hard\libc_nano.a(libc_a-findfp.o)
                0x20000510                __stdio_exit_handler
 .bss.errno     0x20000514        0x4 D:/STM32_install/STM32cubeIDE_1.9.0/STM32CubeIDE_1.19.0/STM32CubeIDE/plugins/com.st.stm32cube.ide.mcu.externaltools.gnu-tools-for-stm32.13.3.rel1.win32_1.0.0.202411081344/tools/bin/../lib/gcc/arm-none-eabi/13.3.1/../../../../arm-none-eabi/lib/thumb/v7e-m+fp/hard\libc_nano.a(libc_a-reent.o)
                0x20000514                errno
 .bss.__lock___malloc_recursive_mutex